[2026-08-24 16:04:24] HTTP 404: European Competition Journal (1744-1021)
[2026-08-24 16:04:24] HTTP 404: Antitrust Law Journal (0003-5383)
[2026-08-24 16:04:24] HTTP 404: World Competition (1011-6558)
[2026-08-24 16:04:24] HTTP 404: Journal of European Competition Law & Practice (2043-4754)
[2026-08-24 16:04:24] timeout: Journal of Law and Economics (0022-2186)
[2026-08-24 16:04:24] HTTP 404: Journal of Legal Studies (0047-2530)
[2026-08-24 16:04:24] HTTP 404: Journal of Legal Analysis (1946-5734)
[2026-08-24 16:04:24] HTTP 404: American Law and Economics Review (1465-7252)
[2026-08-24 16:04:24] HTTP 404: International Review of Law and Economics (0144-8188)
[2026-08-24 16:04:24] HTTP 404: Review of Law & Economics (1555-5879)
[2026-08-24 16:04:24] HTTP 404: Research in Law and Economics (0193-5895)
[2026-08-24 16:04:24] HTTP 404: Review of Industrial Organization (0889-938X)
[2026-08-24 16:04:24] HTTP 404: Journal of Industrial Economics (0022-1821)
[2026-08-24 16:04:24] HTTP 404: International Journal of Industrial Organization (0167-7187)
[2026-08-24 16:04:24] HTTP 404: Yale Law Journal (0044-0094)
[2026-08-24 16:04:24] HTTP 404: Harvard Law Review (0017-811X)
[2026-08-24 16:04:24] HTTP 404: Stanford Law Review (0038-9765)
[2026-08-24 16:04:24] HTTP 404: Columbia Law Review (0010-1958)
[2026-08-24 16:04:24] HTTP 404: New York University Law Review (0028-7881)
[2026-08-24 16:04:24] HTTP 404: University of Chicago Law Review (0041-9494)
[2026-08-24 16:04:24] HTTP 404: Virginia Law Review (0042-6601)
[2026-08-24 16:04:34] HTTP 404: European Competition Journal (1744-1021)
[2026-08-24 16:04:34] HTTP 404: Antitrust Law Journal (0003-5383)
[2026-08-24 16:04:34] HTTP 404: World Competition (1011-6558)
[2026-08-24 16:04:34] HTTP 404: Journal of European Competition Law & Practice (2043-4754)
[2026-08-24 16:04:34] timeout: Journal of Law and Economics (0022-2186)
[2026-08-24 16:04:34] HTTP 404: Journal of Legal Studies (0047-2530)
[2026-08-24 16:04:34] HTTP 404: Journal of Legal Analysis (1946-5734)
[2026-08-24 16:04:34] HTTP 404: American Law and Economics Review (1465-7252)
[2026-08-24 16:04:34] HTTP 404: International Review of Law and Economics (0144-8188)
[2026-08-24 16:04:34] HTTP 404: Review of Law & Economics (1555-5879)
[2026-08-24 16:04:34] HTTP 404: Research in Law and Economics (0193-5895)
[2026-08-24 16:04:34] HTTP 404: Review of Industrial Organization (0889-938X)
[2026-08-24 16:04:34] HTTP 404: Journal of Industrial Economics (0022-1821)
[2026-08-24 16:04:34] HTTP 404: International Journal of Industrial Organization (0167-7187)
[2026-08-24 16:04:34] HTTP 404: Yale Law Journal (0044-0094)
[2026-08-24 16:04:34] HTTP 404: Harvard Law Review (0017-811X)
[2026-08-24 16:04:34] HTTP 404: Stanford Law Review (0038-9765)
[2026-08-24 16:04:34] HTTP 404: Columbia Law Review (0010-1958)
[2026-08-24 16:04:34] HTTP 404: New York University Law Review (0028-7881)
[2026-08-24 16:04:34] HTTP 404: University of Chicago Law Review (0041-9494)
[2026-08-24 16:04:34] HTTP 404: Virginia Law Review (0042-6601)
[2026-08-24 11:38:47] HTTP 404: Journal of Competition Law & Economics (1741-2009)
[2026-08-24 11:38:47] HTTP 404: Antitrust Law Journal (0003-5383)
[2026-08-24 11:38:48] HTTP 404: World Competition (1011-6558)
[2026-08-24 11:38:48] HTTP 404: Journal of European Competition Law & Practice (2043-4754)
[2026-08-24 11:38:48] HTTP 404: Journal of Legal Analysis (1946-5734)
[2026-08-24 11:38:48] HTTP 404: Research in Law and Economics (0193-5895)
[2026-08-24 11:38:49] HTTP 404: New York University Law Review (0028-7881)
[2026-08-24 20:04:07] HTTP 404: European Competition Journal (1744-1021)
[2026-08-24 20:04:07] HTTP 404: Antitrust Law Journal (0003-5383)
[2026-08-24 20:04:07] HTTP 404: World Competition (1011-6558)
[2026-08-24 20:04:07] HTTP 404: Journal of European Competition Law & Practice (2043-4754)
[2026-08-24 20:04:07] timeout: Journal of Law and Economics (0022-2186)
[2026-08-24 20:04:07] HTTP 404: Journal of Legal Studies (0047-2530)
[2026-08-24 20:04:07] HTTP 404: Journal of Legal Analysis (1946-5734)
[2026-08-24 20:04:07] HTTP 404: American Law and Economics Review (1465-7252)
[2026-08-24 20:04:07] HTTP 404: International Review of Law and Economics (0144-8188)
[2026-08-24 20:04:07] HTTP 404: Review of Law & Economics (1555-5879)
[2026-08-24 20:04:07] HTTP 404: Research in Law and Economics (0193-5895)
[2026-08-24 20:04:07] HTTP 404: Review of Industrial Organization (0889-938X)
[2026-08-24 20:04:07] HTTP 404: Journal of Industrial Economics (0022-1821)
[2026-08-24 20:04:07] HTTP 404: International Journal of Industrial Organization (0167-7187)
[2026-08-24 20:04:07] HTTP 404: Yale Law Journal (0044-0094)
[2026-08-24 20:04:07] HTTP 404: Harvard Law Review (0017-811X)
[2026-08-24 20:04:07] HTTP 404: Stanford Law Review (0038-9765)
[2026-08-24 20:04:07] HTTP 404: Columbia Law Review (0010-1958)
[2026-08-24 20:04:07] HTTP 404: New York University Law Review (0028-7881)
[2026-08-24 20:04:07] HTTP 404: University of Chicago Law Review (0041-9494)
[2026-08-24 20:04:07] HTTP 404: Virginia Law Review (0042-6601)
[2026-08-24 14:28:04] HTTP 404: Journal of Competition Law & Economics (1741-2009)
[2026-08-24 14:28:05] HTTP 404: Antitrust Law Journal (0003-5383)
[2026-08-24 14:28:06] HTTP 404: World Competition (1011-6558)
[2026-08-24 14:28:06] HTTP 404: Journal of European Competition Law & Practice (2043-4754)
[2026-08-24 14:28:08] HTTP 404: Journal of Legal Analysis (1946-5734)
[2026-08-24 14:28:10] HTTP 404: Research in Law and Economics (0193-5895)
[2026-08-24 14:28:16] HTTP 404: New York University Law Review (0028-7881)
[2026-08-24 19:48:38] HTTP 404: Journal of Competition Law & Economics (1741-2009)
[2026-08-24 19:48:39] HTTP 404: Antitrust Law Journal (0003-5383)
[2026-08-24 19:48:39] HTTP 404: World Competition (1011-6558)
[2026-08-24 19:48:39] HTTP 404: Journal of European Competition Law & Practice (2043-4754)
[2026-08-24 19:48:40] HTTP 404: Journal of Legal Analysis (1946-5734)
[2026-08-24 19:48:42] HTTP 404: Research in Law and Economics (0193-5895)
[2026-08-24 19:48:45] HTTP 404: New York University Law Review (0028-7881)
[2026-08-25 03:27:52] HTTP 404: Journal of Competition Law & Economics (1741-2009)
[2026-08-25 03:27:52] HTTP 404: Antitrust Law Journal (0003-5383)
[2026-08-25 03:27:53] HTTP 404: World Competition (1011-6558)
[2026-08-25 03:27:53] HTTP 404: Journal of European Competition Law & Practice (2043-4754)
[2026-08-25 03:27:54] HTTP 404: Journal of Legal Analysis (1946-5734)
[2026-08-25 03:27:55] HTTP 404: Research in Law and Economics (0193-5895)
[2026-08-25 03:27:57] HTTP 404: New York University Law Review (0028-7881)
[2026-08-25 08:23:23] HTTP 404: Journal of Competition Law & Economics (1741-2009)
[2026-08-25 08:23:24] HTTP 404: Antitrust Law Journal (0003-5383)
[2026-08-25 08:23:24] HTTP 404: World Competition (1011-6558)
[2026-08-25 08:23:24] HTTP 404: Journal of European Competition Law & Practice (2043-4754)
[2026-08-25 08:23:25] HTTP 404: Journal of Legal Analysis (1946-5734)
[2026-08-25 08:23:27] HTTP 404: Research in Law and Economics (0193-5895)
[2026-08-25 08:23:31] HTTP 404: New York University Law Review (0028-7881)
[2026-08-25 14:31:13] HTTP 404: Journal of Competition Law & Economics (1741-2009)
[2026-08-25 14:31:14] HTTP 404: Antitrust Law Journal (0003-5383)
[2026-08-25 14:31:14] HTTP 404: World Competition (1011-6558)
[2026-08-25 14:31:16] HTTP 404: Journal of European Competition Law & Practice (2043-4754)
[2026-08-25 14:31:17] ISSN mismatch for Journal of Law and Economics (config ISSN 0022-2186): got 'The Journal of Law and Economics' — check journals.json
[2026-08-25 14:31:17] ISSN mismatch for Journal of Legal Studies (config ISSN 0047-2530): got 'The Journal of Legal Studies' — check journals.json
[2026-08-25 14:31:17] HTTP 404: Journal of Legal Analysis (1946-5734)
[2026-08-25 14:31:18] ISSN mismatch for Review of Law & Economics (config ISSN 1555-5879): got 'Review of Law &amp; Economics' — check journals.json
[2026-08-25 14:31:18] HTTP 404: Research in Law and Economics (0193-5895)
[2026-08-25 14:31:19] ISSN mismatch for Journal of Industrial Economics (config ISSN 0022-1821): got 'The Journal of Industrial Economics' — check journals.json
[2026-08-25 14:31:20] HTTP 404: New York University Law Review (0028-7881)
[2026-08-25 14:31:21] HTTP 404: European Law Journal (1358-1877)
[2026-08-25 14:31:21] ISSN mismatch for RAND Journal of Economics (config ISSN 0741-6261): got 'The RAND Journal of Economics' — check journals.json
[2026-08-25 19:49:32] HTTP 404: Journal of Competition Law & Economics (1741-2009)
[2026-08-25 19:49:32] HTTP 404: Antitrust Law Journal (0003-5383)
[2026-08-25 19:49:32] HTTP 404: World Competition (1011-6558)
[2026-08-25 19:49:32] HTTP 404: Journal of European Competition Law & Practice (2043-4754)
[2026-08-25 19:49:33] ISSN mismatch for Journal of Law and Economics (config ISSN 0022-2186): got 'The Journal of Law and Economics' — check journals.json
[2026-08-25 19:49:33] ISSN mismatch for Journal of Legal Studies (config ISSN 0047-2530): got 'The Journal of Legal Studies' — check journals.json
[2026-08-25 19:49:33] HTTP 404: Journal of Legal Analysis (1946-5734)
[2026-08-25 19:49:34] ISSN mismatch for Review of Law & Economics (config ISSN 1555-5879): got 'Review of Law &amp; Economics' — check journals.json
[2026-08-25 19:49:34] HTTP 404: Research in Law and Economics (0193-5895)
[2026-08-25 19:49:34] ISSN mismatch for Journal of Industrial Economics (config ISSN 0022-1821): got 'The Journal of Industrial Economics' — check journals.json
[2026-08-25 19:49:35] HTTP 404: New York University Law Review (0028-7881)
[2026-08-25 19:49:36] HTTP 404: European Law Journal (1358-1877)
[2026-08-25 19:49:36] ISSN mismatch for RAND Journal of Economics (config ISSN 0741-6261): got 'The RAND Journal of Economics' — check journals.json
[2026-08-26 03:38:43] HTTP 404: Journal of Competition Law & Economics (1741-2009)
[2026-08-26 03:38:44] HTTP 404: Antitrust Law Journal (0003-5383)
[2026-08-26 03:38:44] HTTP 404: World Competition (1011-6558)
[2026-08-26 03:38:44] HTTP 404: Journal of European Competition Law & Practice (2043-4754)
[2026-08-26 03:38:45] ISSN mismatch for Journal of Law and Economics (config ISSN 0022-2186): got 'The Journal of Law and Economics' — check journals.json
[2026-08-26 03:38:45] ISSN mismatch for Journal of Legal Studies (config ISSN 0047-2530): got 'The Journal of Legal Studies' — check journals.json
[2026-08-26 03:38:45] HTTP 404: Journal of Legal Analysis (1946-5734)
[2026-08-26 03:38:46] ISSN mismatch for Review of Law & Economics (config ISSN 1555-5879): got 'Review of Law &amp; Economics' — check journals.json
[2026-08-26 03:38:46] HTTP 404: Research in Law and Economics (0193-5895)
[2026-08-26 03:38:47] ISSN mismatch for Journal of Industrial Economics (config ISSN 0022-1821): got 'The Journal of Industrial Economics' — check journals.json
[2026-08-26 03:38:49] HTTP 404: New York University Law Review (0028-7881)
[2026-08-26 03:38:50] HTTP 404: European Law Journal (1358-1877)
[2026-08-26 03:38:50] ISSN mismatch for RAND Journal of Economics (config ISSN 0741-6261): got 'The RAND Journal of Economics' — check journals.json
[2026-08-26 08:24:40] HTTP 404: Journal of Competition Law & Economics (1741-2009)
[2026-08-26 08:24:41] HTTP 404: Antitrust Law Journal (0003-5383)
[2026-08-26 08:24:41] HTTP 404: World Competition (1011-6558)
[2026-08-26 08:24:42] HTTP 404: Journal of European Competition Law & Practice (2043-4754)
[2026-08-26 08:24:42] ISSN mismatch for Journal of Law and Economics (config ISSN 0022-2186): got 'The Journal of Law and Economics' — check journals.json
[2026-08-26 08:24:42] ISSN mismatch for Journal of Legal Studies (config ISSN 0047-2530): got 'The Journal of Legal Studies' — check journals.json
[2026-08-26 08:24:43] HTTP 404: Journal of Legal Analysis (1946-5734)
[2026-08-26 08:24:44] ISSN mismatch for Review of Law & Economics (config ISSN 1555-5879): got 'Review of Law &amp; Economics' — check journals.json
[2026-08-26 08:24:45] HTTP 404: Research in Law and Economics (0193-5895)
[2026-08-26 08:24:46] ISSN mismatch for Journal of Industrial Economics (config ISSN 0022-1821): got 'The Journal of Industrial Economics' — check journals.json
[2026-08-26 08:24:49] HTTP 404: New York University Law Review (0028-7881)
[2026-08-26 08:24:50] HTTP 404: European Law Journal (1358-1877)
[2026-08-26 08:24:51] ISSN mismatch for RAND Journal of Economics (config ISSN 0741-6261): got 'The RAND Journal of Economics' — check journals.json
[2026-08-26 14:30:28] HTTP 404: Journal of Competition Law & Economics (1741-2009)
[2026-08-26 14:30:29] HTTP 404: Antitrust Law Journal (0003-5383)
[2026-08-26 14:30:29] HTTP 404: World Competition (1011-6558)
[2026-08-26 14:30:30] HTTP 404: Journal of European Competition Law & Practice (2043-4754)
[2026-08-26 14:30:30] ISSN mismatch for Journal of Law and Economics (config ISSN 0022-2186): got 'The Journal of Law and Economics' — check journals.json
[2026-08-26 14:30:31] ISSN mismatch for Journal of Legal Studies (config ISSN 0047-2530): got 'The Journal of Legal Studies' — check journals.json
[2026-08-26 14:30:31] HTTP 404: Journal of Legal Analysis (1946-5734)
[2026-08-26 14:30:34] ISSN mismatch for Review of Law & Economics (config ISSN 1555-5879): got 'Review of Law &amp; Economics' — check journals.json
[2026-08-26 14:30:35] HTTP 404: Research in Law and Economics (0193-5895)
[2026-08-26 14:30:37] ISSN mismatch for Journal of Industrial Economics (config ISSN 0022-1821): got 'The Journal of Industrial Economics' — check journals.json
[2026-08-26 14:30:40] HTTP 404: New York University Law Review (0028-7881)
[2026-08-26 14:30:42] HTTP 404: European Law Journal (1358-1877)
[2026-08-26 14:30:43] ISSN mismatch for RAND Journal of Economics (config ISSN 0741-6261): got 'The RAND Journal of Economics' — check journals.json
[2026-08-28 01:47:06] HTTP 404: Journal of Competition Law & Economics (1741-2009)
[2026-08-28 01:47:06] HTTP 404: Antitrust Law Journal (0003-5383)
[2026-08-28 01:47:07] HTTP 404: World Competition (1011-6558)
[2026-08-28 01:47:07] HTTP 404: Journal of European Competition Law & Practice (2043-4754)
[2026-08-28 01:47:07] ISSN mismatch for Journal of Law and Economics (config ISSN 0022-2186): got 'The Journal of Law and Economics' — check journals.json
[2026-08-28 01:47:08] ISSN mismatch for Journal of Legal Studies (config ISSN 0047-2530): got 'The Journal of Legal Studies' — check journals.json
[2026-08-28 01:47:08] HTTP 404: Journal of Legal Analysis (1946-5734)
[2026-08-28 01:47:09] ISSN mismatch for Review of Law & Economics (config ISSN 1555-5879): got 'Review of Law &amp; Economics' — check journals.json
[2026-08-28 01:47:09] HTTP 404: Research in Law and Economics (0193-5895)
[2026-08-28 01:47:09] ISSN mismatch for Journal of Industrial Economics (config ISSN 0022-1821): got 'The Journal of Industrial Economics' — check journals.json
[2026-08-28 01:47:12] HTTP 404: New York University Law Review (0028-7881)
[2026-08-28 01:47:14] HTTP 404: European Law Journal (1358-1877)
[2026-08-28 01:47:14] ISSN mismatch for RAND Journal of Economics (config ISSN 0741-6261): got 'The RAND Journal of Economics' — check journals.json
[2026-08-28 21:56:37] HTTP 404: Journal of Competition Law & Economics (1741-2009)
[2026-08-28 21:56:38] HTTP 404: Antitrust Law Journal (0003-5383)
[2026-08-28 21:56:38] HTTP 404: World Competition (1011-6558)
[2026-08-28 21:56:38] HTTP 404: Journal of European Competition Law & Practice (2043-4754)
[2026-08-28 21:56:38] ISSN mismatch for Journal of Law and Economics (config ISSN 0022-2186): got 'The Journal of Law and Economics' — check journals.json
[2026-08-28 21:56:39] ISSN mismatch for Journal of Legal Studies (config ISSN 0047-2530): got 'The Journal of Legal Studies' — check journals.json
[2026-08-28 21:56:39] HTTP 404: Journal of Legal Analysis (1946-5734)
[2026-08-28 21:56:40] ISSN mismatch for Review of Law & Economics (config ISSN 1555-5879): got 'Review of Law &amp; Economics' — check journals.json
[2026-08-28 21:56:40] HTTP 404: Research in Law and Economics (0193-5895)
[2026-08-28 21:56:41] ISSN mismatch for Journal of Industrial Economics (config ISSN 0022-1821): got 'The Journal of Industrial Economics' — check journals.json
[2026-08-28 21:56:43] HTTP 404: New York University Law Review (0028-7881)
[2026-08-28 21:56:45] HTTP 404: European Law Journal (1358-1877)
[2026-08-28 21:56:45] ISSN mismatch for RAND Journal of Economics (config ISSN 0741-6261): got 'The RAND Journal of Economics' — check journals.json
[2026-08-29 00:21:49] HTTP 404: Journal of Competition Law & Economics (1741-2009)
[2026-08-29 00:21:50] HTTP 404: Antitrust Law Journal (0003-5383)
[2026-08-29 00:21:50] HTTP 404: World Competition (1011-6558)
[2026-08-29 00:21:50] HTTP 404: Journal of European Competition Law & Practice (2043-4754)
[2026-08-29 00:21:50] ISSN mismatch for Journal of Law and Economics (config ISSN 0022-2186): got 'The Journal of Law and Economics' — check journals.json
[2026-08-29 00:21:51] ISSN mismatch for Journal of Legal Studies (config ISSN 0047-2530): got 'The Journal of Legal Studies' — check journals.json
[2026-08-29 00:21:51] HTTP 404: Journal of Legal Analysis (1946-5734)
[2026-08-29 00:21:51] ISSN mismatch for Review of Law & Economics (config ISSN 1555-5879): got 'Review of Law &amp; Economics' — check journals.json
[2026-08-29 00:21:51] HTTP 404: Research in Law and Economics (0193-5895)
[2026-08-29 00:21:51] ISSN mismatch for Journal of Industrial Economics (config ISSN 0022-1821): got 'The Journal of Industrial Economics' — check journals.json
[2026-08-29 00:21:53] HTTP 404: New York University Law Review (0028-7881)
[2026-08-29 00:21:54] HTTP 404: European Law Journal (1358-1877)
[2026-08-29 00:21:54] ISSN mismatch for RAND Journal of Economics (config ISSN 0741-6261): got 'The RAND Journal of Economics' — check journals.json
[2026-08-29 06:21:52] HTTP 404: Journal of Competition Law & Economics (1741-2009)
[2026-08-29 06:21:52] HTTP 404: Antitrust Law Journal (0003-5383)
[2026-08-29 06:21:53] HTTP 404: World Competition (1011-6558)
[2026-08-29 06:21:53] HTTP 404: Journal of European Competition Law & Practice (2043-4754)
[2026-08-29 06:21:53] ISSN mismatch for Journal of Law and Economics (config ISSN 0022-2186): got 'The Journal of Law and Economics' — check journals.json
[2026-08-29 06:21:54] ISSN mismatch for Journal of Legal Studies (config ISSN 0047-2530): got 'The Journal of Legal Studies' — check journals.json
[2026-08-29 06:21:54] HTTP 404: Journal of Legal Analysis (1946-5734)
[2026-08-29 06:21:55] ISSN mismatch for Review of Law & Economics (config ISSN 1555-5879): got 'Review of Law &amp; Economics' — check journals.json
[2026-08-29 06:21:55] HTTP 404: Research in Law and Economics (0193-5895)
[2026-08-29 06:21:56] ISSN mismatch for Journal of Industrial Economics (config ISSN 0022-1821): got 'The Journal of Industrial Economics' — check journals.json
[2026-08-29 06:21:58] HTTP 404: New York University Law Review (0028-7881)
[2026-08-29 06:22:00] HTTP 404: European Law Journal (1358-1877)
[2026-08-29 06:22:00] ISSN mismatch for RAND Journal of Economics (config ISSN 0741-6261): got 'The RAND Journal of Economics' — check journals.json
[2026-08-29 12:22:03] HTTP 404: Journal of Competition Law & Economics (1741-2009)
[2026-08-29 12:22:04] HTTP 404: Antitrust Law Journal (0003-5383)
[2026-08-29 12:22:04] HTTP 404: World Competition (1011-6558)
[2026-08-29 12:22:04] HTTP 404: Journal of European Competition Law & Practice (2043-4754)
[2026-08-29 12:22:04] ISSN mismatch for Journal of Law and Economics (config ISSN 0022-2186): got 'The Journal of Law and Economics' — check journals.json
[2026-08-29 12:22:05] ISSN mismatch for Journal of Legal Studies (config ISSN 0047-2530): got 'The Journal of Legal Studies' — check journals.json
[2026-08-29 12:22:05] HTTP 404: Journal of Legal Analysis (1946-5734)
[2026-08-29 12:22:06] ISSN mismatch for Review of Law & Economics (config ISSN 1555-5879): got 'Review of Law &amp; Economics' — check journals.json
[2026-08-29 12:22:07] HTTP 404: Research in Law and Economics (0193-5895)
[2026-08-29 12:22:08] ISSN mismatch for Journal of Industrial Economics (config ISSN 0022-1821): got 'The Journal of Industrial Economics' — check journals.json
[2026-08-29 12:22:10] HTTP 404: New York University Law Review (0028-7881)
[2026-08-29 12:22:11] HTTP 404: European Law Journal (1358-1877)
[2026-08-29 12:22:12] ISSN mismatch for RAND Journal of Economics (config ISSN 0741-6261): got 'The RAND Journal of Economics' — check journals.json
[2026-08-29 18:21:45] HTTP 404: Journal of Competition Law & Economics (1741-2009)
[2026-08-29 18:21:45] HTTP 404: Antitrust Law Journal (0003-5383)
[2026-08-29 18:21:46] HTTP 404: World Competition (1011-6558)
[2026-08-29 18:21:46] HTTP 404: Journal of European Competition Law & Practice (2043-4754)
[2026-08-29 18:21:46] ISSN mismatch for Journal of Law and Economics (config ISSN 0022-2186): got 'The Journal of Law and Economics' — check journals.json
[2026-08-29 18:21:46] ISSN mismatch for Journal of Legal Studies (config ISSN 0047-2530): got 'The Journal of Legal Studies' — check journals.json
[2026-08-29 18:21:47] HTTP 404: Journal of Legal Analysis (1946-5734)
[2026-08-29 18:21:48] ISSN mismatch for Review of Law & Economics (config ISSN 1555-5879): got 'Review of Law &amp; Economics' — check journals.json
[2026-08-29 18:21:48] HTTP 404: Research in Law and Economics (0193-5895)
[2026-08-29 18:21:49] ISSN mismatch for Journal of Industrial Economics (config ISSN 0022-1821): got 'The Journal of Industrial Economics' — check journals.json
[2026-08-29 18:21:51] HTTP 404: New York University Law Review (0028-7881)
[2026-08-29 18:21:52] HTTP 404: European Law Journal (1358-1877)
[2026-08-29 18:21:52] ISSN mismatch for RAND Journal of Economics (config ISSN 0741-6261): got 'The RAND Journal of Economics' — check journals.json
[2026-08-30 00:21:48] HTTP 404: Journal of Competition Law & Economics (1741-2009)
[2026-08-30 00:21:49] HTTP 404: Antitrust Law Journal (0003-5383)
[2026-08-30 00:21:49] HTTP 404: World Competition (1011-6558)
[2026-08-30 00:21:49] HTTP 404: Journal of European Competition Law & Practice (2043-4754)
[2026-08-30 00:21:49] ISSN mismatch for Journal of Law and Economics (config ISSN 0022-2186): got 'The Journal of Law and Economics' — check journals.json
[2026-08-30 00:21:50] ISSN mismatch for Journal of Legal Studies (config ISSN 0047-2530): got 'The Journal of Legal Studies' — check journals.json
[2026-08-30 00:21:50] HTTP 404: Journal of Legal Analysis (1946-5734)
[2026-08-30 00:21:50] ISSN mismatch for Review of Law & Economics (config ISSN 1555-5879): got 'Review of Law &amp; Economics' — check journals.json
[2026-08-30 00:21:51] HTTP 404: Research in Law and Economics (0193-5895)
[2026-08-30 00:21:51] ISSN mismatch for Journal of Industrial Economics (config ISSN 0022-1821): got 'The Journal of Industrial Economics' — check journals.json
[2026-08-30 00:21:52] HTTP 404: New York University Law Review (0028-7881)
[2026-08-30 00:21:53] HTTP 404: European Law Journal (1358-1877)
[2026-08-30 00:21:53] ISSN mismatch for RAND Journal of Economics (config ISSN 0741-6261): got 'The RAND Journal of Economics' — check journals.json
[2026-08-30 06:21:58] HTTP 404: Journal of Competition Law & Economics (1741-2009)
[2026-08-30 06:21:59] HTTP 404: Antitrust Law Journal (0003-5383)
[2026-08-30 06:21:59] HTTP 404: World Competition (1011-6558)
[2026-08-30 06:21:59] HTTP 404: Journal of European Competition Law & Practice (2043-4754)
[2026-08-30 06:21:59] ISSN mismatch for Journal of Law and Economics (config ISSN 0022-2186): got 'The Journal of Law and Economics' — check journals.json
[2026-08-30 06:21:59] ISSN mismatch for Journal of Legal Studies (config ISSN 0047-2530): got 'The Journal of Legal Studies' — check journals.json
[2026-08-30 06:22:00] HTTP 404: Journal of Legal Analysis (1946-5734)
[2026-08-30 06:22:01] ISSN mismatch for Review of Law & Economics (config ISSN 1555-5879): got 'Review of Law &amp; Economics' — check journals.json
[2026-08-30 06:22:01] HTTP 404: Research in Law and Economics (0193-5895)
[2026-08-30 06:22:02] ISSN mismatch for Journal of Industrial Economics (config ISSN 0022-1821): got 'The Journal of Industrial Economics' — check journals.json
[2026-08-30 06:22:04] HTTP 404: New York University Law Review (0028-7881)
[2026-08-30 06:22:05] HTTP 404: European Law Journal (1358-1877)
[2026-08-30 06:22:06] ISSN mismatch for RAND Journal of Economics (config ISSN 0741-6261): got 'The RAND Journal of Economics' — check journals.json
[2026-08-30 12:21:46] HTTP 404: Journal of Competition Law & Economics (1741-2009)
[2026-08-30 12:21:47] HTTP 404: Antitrust Law Journal (0003-5383)
[2026-08-30 12:21:47] HTTP 404: World Competition (1011-6558)
[2026-08-30 12:21:48] HTTP 404: Journal of European Competition Law & Practice (2043-4754)
[2026-08-30 12:21:48] ISSN mismatch for Journal of Law and Economics (config ISSN 0022-2186): got 'The Journal of Law and Economics' — check journals.json
[2026-08-30 12:21:48] ISSN mismatch for Journal of Legal Studies (config ISSN 0047-2530): got 'The Journal of Legal Studies' — check journals.json
[2026-08-30 12:21:49] HTTP 404: Journal of Legal Analysis (1946-5734)
[2026-08-30 12:21:51] ISSN mismatch for Review of Law & Economics (config ISSN 1555-5879): got 'Review of Law &amp; Economics' — check journals.json
[2026-08-30 12:21:51] HTTP 404: Research in Law and Economics (0193-5895)
[2026-08-30 12:21:53] ISSN mismatch for Journal of Industrial Economics (config ISSN 0022-1821): got 'The Journal of Industrial Economics' — check journals.json
[2026-08-30 12:21:55] HTTP 404: New York University Law Review (0028-7881)
[2026-08-30 12:21:58] HTTP 404: European Law Journal (1358-1877)
[2026-08-30 12:21:58] ISSN mismatch for RAND Journal of Economics (config ISSN 0741-6261): got 'The RAND Journal of Economics' — check journals.json
[2026-08-30 18:21:35] HTTP 404: Journal of Competition Law & Economics (1741-2009)
[2026-08-30 18:21:35] HTTP 404: Antitrust Law Journal (0003-5383)
[2026-08-30 18:21:35] HTTP 404: World Competition (1011-6558)
[2026-08-30 18:21:36] HTTP 404: Journal of European Competition Law & Practice (2043-4754)
[2026-08-30 18:21:36] ISSN mismatch for Journal of Law and Economics (config ISSN 0022-2186): got 'The Journal of Law and Economics' — check journals.json
[2026-08-30 18:21:36] ISSN mismatch for Journal of Legal Studies (config ISSN 0047-2530): got 'The Journal of Legal Studies' — check journals.json
[2026-08-30 18:21:36] HTTP 404: Journal of Legal Analysis (1946-5734)
[2026-08-30 18:21:38] ISSN mismatch for Review of Law & Economics (config ISSN 1555-5879): got 'Review of Law &amp; Economics' — check journals.json
[2026-08-30 18:21:38] HTTP 404: Research in Law and Economics (0193-5895)
[2026-08-30 18:21:38] ISSN mismatch for Journal of Industrial Economics (config ISSN 0022-1821): got 'The Journal of Industrial Economics' — check journals.json
[2026-08-30 18:21:40] HTTP 404: New York University Law Review (0028-7881)
[2026-08-30 18:21:41] HTTP 404: European Law Journal (1358-1877)
[2026-08-30 18:21:42] ISSN mismatch for RAND Journal of Economics (config ISSN 0741-6261): got 'The RAND Journal of Economics' — check journals.json
[2026-08-31 00:21:55] HTTP 404: Journal of Competition Law & Economics (1741-2009)
[2026-08-31 00:21:56] HTTP 404: Antitrust Law Journal (0003-5383)
[2026-08-31 00:21:56] HTTP 404: World Competition (1011-6558)
[2026-08-31 00:21:56] HTTP 404: Journal of European Competition Law & Practice (2043-4754)
[2026-08-31 00:21:56] ISSN mismatch for Journal of Law and Economics (config ISSN 0022-2186): got 'The Journal of Law and Economics' — check journals.json
[2026-08-31 00:21:56] ISSN mismatch for Journal of Legal Studies (config ISSN 0047-2530): got 'The Journal of Legal Studies' — check journals.json
[2026-08-31 00:21:57] HTTP 404: Journal of Legal Analysis (1946-5734)
[2026-08-31 00:21:58] ISSN mismatch for Review of Law & Economics (config ISSN 1555-5879): got 'Review of Law &amp; Economics' — check journals.json
[2026-08-31 00:21:58] HTTP 404: Research in Law and Economics (0193-5895)
[2026-08-31 00:21:59] ISSN mismatch for Journal of Industrial Economics (config ISSN 0022-1821): got 'The Journal of Industrial Economics' — check journals.json
[2026-08-31 00:22:01] HTTP 404: New York University Law Review (0028-7881)
[2026-08-31 00:22:04] HTTP 404: European Law Journal (1358-1877)
[2026-08-31 00:22:04] ISSN mismatch for RAND Journal of Economics (config ISSN 0741-6261): got 'The RAND Journal of Economics' — check journals.json
[2026-08-31 06:21:54] HTTP 404: Journal of Competition Law & Economics (1741-2009)
[2026-08-31 06:21:54] HTTP 404: Antitrust Law Journal (0003-5383)
[2026-08-31 06:21:55] HTTP 404: World Competition (1011-6558)
[2026-08-31 06:21:55] HTTP 404: Journal of European Competition Law & Practice (2043-4754)
[2026-08-31 06:21:55] ISSN mismatch for Journal of Law and Economics (config ISSN 0022-2186): got 'The Journal of Law and Economics' — check journals.json
[2026-08-31 06:21:55] ISSN mismatch for Journal of Legal Studies (config ISSN 0047-2530): got 'The Journal of Legal Studies' — check journals.json
[2026-08-31 06:21:55] HTTP 404: Journal of Legal Analysis (1946-5734)
[2026-08-31 06:21:57] ISSN mismatch for Review of Law & Economics (config ISSN 1555-5879): got 'Review of Law &amp; Economics' — check journals.json
[2026-08-31 06:21:57] HTTP 404: Research in Law and Economics (0193-5895)
[2026-08-31 06:21:58] ISSN mismatch for Journal of Industrial Economics (config ISSN 0022-1821): got 'The Journal of Industrial Economics' — check journals.json
[2026-08-31 06:21:59] HTTP 404: New York University Law Review (0028-7881)
[2026-08-31 06:22:00] HTTP 404: European Law Journal (1358-1877)
[2026-08-31 06:22:00] ISSN mismatch for RAND Journal of Economics (config ISSN 0741-6261): got 'The RAND Journal of Economics' — check journals.json
[2026-08-31 12:21:46] HTTP 404: Journal of Competition Law & Economics (1741-2009)
[2026-08-31 12:21:47] HTTP 404: Antitrust Law Journal (0003-5383)
[2026-08-31 12:21:47] HTTP 404: World Competition (1011-6558)
[2026-08-31 12:21:47] HTTP 404: Journal of European Competition Law & Practice (2043-4754)
[2026-08-31 12:21:48] ISSN mismatch for Journal of Law and Economics (config ISSN 0022-2186): got 'The Journal of Law and Economics' — check journals.json
[2026-08-31 12:21:48] ISSN mismatch for Journal of Legal Studies (config ISSN 0047-2530): got 'The Journal of Legal Studies' — check journals.json
[2026-08-31 12:21:48] HTTP 404: Journal of Legal Analysis (1946-5734)
[2026-08-31 12:21:50] ISSN mismatch for Review of Law & Economics (config ISSN 1555-5879): got 'Review of Law &amp; Economics' — check journals.json
[2026-08-31 12:21:50] HTTP 404: Research in Law and Economics (0193-5895)
[2026-08-31 12:21:52] ISSN mismatch for Journal of Industrial Economics (config ISSN 0022-1821): got 'The Journal of Industrial Economics' — check journals.json
[2026-08-31 12:21:55] HTTP 404: New York University Law Review (0028-7881)
[2026-08-31 12:21:57] HTTP 404: European Law Journal (1358-1877)
[2026-08-31 12:21:57] ISSN mismatch for RAND Journal of Economics (config ISSN 0741-6261): got 'The RAND Journal of Economics' — check journals.json
[2026-08-31 18:21:51] HTTP 404: Journal of Competition Law & Economics (1741-2009)
[2026-08-31 18:21:51] HTTP 404: Antitrust Law Journal (0003-5383)
[2026-08-31 18:21:51] HTTP 404: World Competition (1011-6558)
[2026-08-31 18:21:51] HTTP 404: Journal of European Competition Law & Practice (2043-4754)
[2026-08-31 18:21:51] ISSN mismatch for Journal of Law and Economics (config ISSN 0022-2186): got 'The Journal of Law and Economics' — check journals.json
[2026-08-31 18:21:52] ISSN mismatch for Journal of Legal Studies (config ISSN 0047-2530): got 'The Journal of Legal Studies' — check journals.json
[2026-08-31 18:21:52] HTTP 404: Journal of Legal Analysis (1946-5734)
[2026-08-31 18:21:53] ISSN mismatch for Review of Law & Economics (config ISSN 1555-5879): got 'Review of Law &amp; Economics' — check journals.json
[2026-08-31 18:21:53] HTTP 404: Research in Law and Economics (0193-5895)
[2026-08-31 18:21:53] ISSN mismatch for Journal of Industrial Economics (config ISSN 0022-1821): got 'The Journal of Industrial Economics' — check journals.json
[2026-08-31 18:21:54] HTTP 404: New York University Law Review (0028-7881)
[2026-08-31 18:21:56] HTTP 404: European Law Journal (1358-1877)
[2026-08-31 18:21:56] ISSN mismatch for RAND Journal of Economics (config ISSN 0741-6261): got 'The RAND Journal of Economics' — check journals.json
[2026-09-01 00:37:18] HTTP 404: Journal of Competition Law & Economics (1741-2009)
[2026-09-01 00:37:18] HTTP 404: Antitrust Law Journal (0003-5383)
[2026-09-01 00:37:18] HTTP 404: World Competition (1011-6558)
[2026-09-01 00:37:19] HTTP 404: Journal of European Competition Law & Practice (2043-4754)
[2026-09-01 00:37:19] ISSN mismatch for Journal of Law and Economics (config ISSN 0022-2186): got 'The Journal of Law and Economics' — check journals.json
[2026-09-01 00:37:19] ISSN mismatch for Journal of Legal Studies (config ISSN 0047-2530): got 'The Journal of Legal Studies' — check journals.json
[2026-09-01 00:37:19] HTTP 404: Journal of Legal Analysis (1946-5734)
[2026-09-01 00:37:19] ISSN mismatch for Review of Law & Economics (config ISSN 1555-5879): got 'Review of Law &amp; Economics' — check journals.json
[2026-09-01 00:37:19] HTTP 404: Research in Law and Economics (0193-5895)
[2026-09-01 00:37:20] ISSN mismatch for Journal of Industrial Economics (config ISSN 0022-1821): got 'The Journal of Industrial Economics' — check journals.json
[2026-09-01 00:37:20] HTTP 404: New York University Law Review (0028-7881)
[2026-09-01 00:37:21] HTTP 404: European Law Journal (1358-1877)
[2026-09-01 00:37:21] ISSN mismatch for RAND Journal of Economics (config ISSN 0741-6261): got 'The RAND Journal of Economics' — check journals.json
[2026-09-01 06:33:54] HTTP 404: Journal of Competition Law & Economics (1741-2009)
[2026-09-01 06:33:54] HTTP 404: Antitrust Law Journal (0003-5383)
[2026-09-01 06:33:55] HTTP 404: World Competition (1011-6558)
[2026-09-01 06:33:55] HTTP 404: Journal of European Competition Law & Practice (2043-4754)
[2026-09-01 06:33:56] ISSN mismatch for Journal of Law and Economics (config ISSN 0022-2186): got 'The Journal of Law and Economics' — check journals.json
[2026-09-01 06:33:56] ISSN mismatch for Journal of Legal Studies (config ISSN 0047-2530): got 'The Journal of Legal Studies' — check journals.json
[2026-09-01 06:33:57] HTTP 404: Journal of Legal Analysis (1946-5734)
[2026-09-01 06:33:58] ISSN mismatch for Review of Law & Economics (config ISSN 1555-5879): got 'Review of Law &amp; Economics' — check journals.json
[2026-09-01 06:33:58] HTTP 404: Research in Law and Economics (0193-5895)
[2026-09-01 06:34:00] ISSN mismatch for Journal of Industrial Economics (config ISSN 0022-1821): got 'The Journal of Industrial Economics' — check journals.json
[2026-09-01 06:34:04] HTTP 404: New York University Law Review (0028-7881)
[2026-09-01 06:34:06] HTTP 404: European Law Journal (1358-1877)
[2026-09-01 06:34:07] ISSN mismatch for RAND Journal of Economics (config ISSN 0741-6261): got 'The RAND Journal of Economics' — check journals.json
[2026-09-01 12:32:54] HTTP 404: Journal of Competition Law & Economics (1741-2009)
[2026-09-01 12:32:55] HTTP 404: Antitrust Law Journal (0003-5383)
[2026-09-01 12:32:55] HTTP 404: World Competition (1011-6558)
[2026-09-01 12:32:55] HTTP 404: Journal of European Competition Law & Practice (2043-4754)
[2026-09-01 12:32:55] ISSN mismatch for Journal of Law and Economics (config ISSN 0022-2186): got 'The Journal of Law and Economics' — check journals.json
[2026-09-01 12:32:56] ISSN mismatch for Journal of Legal Studies (config ISSN 0047-2530): got 'The Journal of Legal Studies' — check journals.json
[2026-09-01 12:32:56] HTTP 404: Journal of Legal Analysis (1946-5734)
[2026-09-01 12:32:57] ISSN mismatch for Review of Law & Economics (config ISSN 1555-5879): got 'Review of Law &amp; Economics' — check journals.json
[2026-09-01 12:32:57] HTTP 404: Research in Law and Economics (0193-5895)
[2026-09-01 12:32:58] ISSN mismatch for Journal of Industrial Economics (config ISSN 0022-1821): got 'The Journal of Industrial Economics' — check journals.json
[2026-09-01 12:32:59] HTTP 404: New York University Law Review (0028-7881)
[2026-09-01 12:33:01] HTTP 404: European Law Journal (1358-1877)
[2026-09-01 12:33:01] ISSN mismatch for RAND Journal of Economics (config ISSN 0741-6261): got 'The RAND Journal of Economics' — check journals.json
[2026-09-01 18:30:49] HTTP 404: Journal of Competition Law & Economics (1741-2009)
[2026-09-01 18:30:50] HTTP 404: Antitrust Law Journal (0003-5383)
[2026-09-01 18:30:50] HTTP 404: World Competition (1011-6558)
[2026-09-01 18:30:50] HTTP 404: Journal of European Competition Law & Practice (2043-4754)
[2026-09-01 18:30:51] ISSN mismatch for Journal of Law and Economics (config ISSN 0022-2186): got 'The Journal of Law and Economics' — check journals.json
[2026-09-01 18:30:51] ISSN mismatch for Journal of Legal Studies (config ISSN 0047-2530): got 'The Journal of Legal Studies' — check journals.json
[2026-09-01 18:30:51] HTTP 404: Journal of Legal Analysis (1946-5734)
[2026-09-01 18:30:53] ISSN mismatch for Review of Law & Economics (config ISSN 1555-5879): got 'Review of Law &amp; Economics' — check journals.json
[2026-09-01 18:30:53] HTTP 404: Research in Law and Economics (0193-5895)
[2026-09-01 18:30:54] ISSN mismatch for Journal of Industrial Economics (config ISSN 0022-1821): got 'The Journal of Industrial Economics' — check journals.json
[2026-09-01 18:30:56] HTTP 404: New York University Law Review (0028-7881)
[2026-09-01 18:30:57] HTTP 404: European Law Journal (1358-1877)
[2026-09-01 18:30:58] ISSN mismatch for RAND Journal of Economics (config ISSN 0741-6261): got 'The RAND Journal of Economics' — check journals.json
[2026-09-02 00:35:14] HTTP 404: Journal of Competition Law & Economics (1741-2009)
[2026-09-02 00:35:14] HTTP 404: Antitrust Law Journal (0003-5383)
[2026-09-02 00:35:14] HTTP 404: World Competition (1011-6558)
[2026-09-02 00:35:15] HTTP 404: Journal of European Competition Law & Practice (2043-4754)
[2026-09-02 00:35:15] ISSN mismatch for Journal of Law and Economics (config ISSN 0022-2186): got 'The Journal of Law and Economics' — check journals.json
[2026-09-02 00:35:15] ISSN mismatch for Journal of Legal Studies (config ISSN 0047-2530): got 'The Journal of Legal Studies' — check journals.json
[2026-09-02 00:35:15] HTTP 404: Journal of Legal Analysis (1946-5734)
[2026-09-02 00:35:16] ISSN mismatch for Review of Law & Economics (config ISSN 1555-5879): got 'Review of Law &amp; Economics' — check journals.json
[2026-09-02 00:35:16] HTTP 404: Research in Law and Economics (0193-5895)
[2026-09-02 00:35:17] ISSN mismatch for Journal of Industrial Economics (config ISSN 0022-1821): got 'The Journal of Industrial Economics' — check journals.json
[2026-09-02 00:35:19] HTTP 404: New York University Law Review (0028-7881)
[2026-09-02 00:35:20] HTTP 404: European Law Journal (1358-1877)
[2026-09-02 00:35:21] ISSN mismatch for RAND Journal of Economics (config ISSN 0741-6261): got 'The RAND Journal of Economics' — check journals.json
[2026-09-02 06:36:37] HTTP 404: Journal of Competition Law & Economics (1741-2009)
[2026-09-02 06:36:38] HTTP 404: Antitrust Law Journal (0003-5383)
[2026-09-02 06:36:38] HTTP 404: World Competition (1011-6558)
[2026-09-02 06:36:38] HTTP 404: Journal of European Competition Law & Practice (2043-4754)
[2026-09-02 06:36:39] ISSN mismatch for Journal of Law and Economics (config ISSN 0022-2186): got 'The Journal of Law and Economics' — check journals.json
[2026-09-02 06:36:39] ISSN mismatch for Journal of Legal Studies (config ISSN 0047-2530): got 'The Journal of Legal Studies' — check journals.json
[2026-09-02 06:36:40] HTTP 404: Journal of Legal Analysis (1946-5734)
[2026-09-02 06:36:41] ISSN mismatch for Review of Law & Economics (config ISSN 1555-5879): got 'Review of Law &amp; Economics' — check journals.json
[2026-09-02 06:36:41] HTTP 404: Research in Law and Economics (0193-5895)
[2026-09-02 06:36:42] ISSN mismatch for Journal of Industrial Economics (config ISSN 0022-1821): got 'The Journal of Industrial Economics' — check journals.json
[2026-09-02 06:36:44] HTTP 404: New York University Law Review (0028-7881)
[2026-09-02 06:36:46] HTTP 404: European Law Journal (1358-1877)
[2026-09-02 06:36:46] ISSN mismatch for RAND Journal of Economics (config ISSN 0741-6261): got 'The RAND Journal of Economics' — check journals.json
[2026-09-02 12:34:00] HTTP 404: Journal of Competition Law & Economics (1741-2009)
[2026-09-02 12:34:00] HTTP 404: Antitrust Law Journal (0003-5383)
[2026-09-02 12:34:01] HTTP 404: World Competition (1011-6558)
[2026-09-02 12:34:01] HTTP 404: Journal of European Competition Law & Practice (2043-4754)
[2026-09-02 12:34:01] ISSN mismatch for Journal of Law and Economics (config ISSN 0022-2186): got 'The Journal of Law and Economics' — check journals.json
[2026-09-02 12:34:02] ISSN mismatch for Journal of Legal Studies (config ISSN 0047-2530): got 'The Journal of Legal Studies' — check journals.json
[2026-09-02 12:34:02] HTTP 404: Journal of Legal Analysis (1946-5734)
[2026-09-02 12:34:03] ISSN mismatch for Review of Law & Economics (config ISSN 1555-5879): got 'Review of Law &amp; Economics' — check journals.json
[2026-09-02 12:34:03] HTTP 404: Research in Law and Economics (0193-5895)
[2026-09-02 12:34:04] ISSN mismatch for Journal of Industrial Economics (config ISSN 0022-1821): got 'The Journal of Industrial Economics' — check journals.json
[2026-09-02 12:34:05] HTTP 404: New York University Law Review (0028-7881)
[2026-09-02 12:34:06] HTTP 404: European Law Journal (1358-1877)
[2026-09-02 12:34:06] ISSN mismatch for RAND Journal of Economics (config ISSN 0741-6261): got 'The RAND Journal of Economics' — check journals.json
[2026-09-02 18:30:32] HTTP 404: Journal of Competition Law & Economics (1741-2009)
[2026-09-02 18:30:32] HTTP 404: Antitrust Law Journal (0003-5383)
[2026-09-02 18:30:33] HTTP 404: World Competition (1011-6558)
[2026-09-02 18:30:33] HTTP 404: Journal of European Competition Law & Practice (2043-4754)
[2026-09-02 18:30:33] ISSN mismatch for Journal of Law and Economics (config ISSN 0022-2186): got 'The Journal of Law and Economics' — check journals.json
[2026-09-02 18:30:34] ISSN mismatch for Journal of Legal Studies (config ISSN 0047-2530): got 'The Journal of Legal Studies' — check journals.json
[2026-09-02 18:30:34] HTTP 404: Journal of Legal Analysis (1946-5734)
[2026-09-02 18:30:35] ISSN mismatch for Review of Law & Economics (config ISSN 1555-5879): got 'Review of Law &amp; Economics' — check journals.json
[2026-09-02 18:30:35] HTTP 404: Research in Law and Economics (0193-5895)
[2026-09-02 18:30:36] ISSN mismatch for Journal of Industrial Economics (config ISSN 0022-1821): got 'The Journal of Industrial Economics' — check journals.json
[2026-09-02 18:30:37] HTTP 404: New York University Law Review (0028-7881)
[2026-09-02 18:30:39] HTTP 404: European Law Journal (1358-1877)
[2026-09-02 18:30:39] ISSN mismatch for RAND Journal of Economics (config ISSN 0741-6261): got 'The RAND Journal of Economics' — check journals.json
[2026-09-03 00:37:15] HTTP 404: Journal of Competition Law & Economics (1741-2009)
[2026-09-03 00:37:16] HTTP 404: Antitrust Law Journal (0003-5383)
[2026-09-03 00:37:16] HTTP 404: World Competition (1011-6558)
[2026-09-03 00:37:16] HTTP 404: Journal of European Competition Law & Practice (2043-4754)
[2026-09-03 00:37:17] ISSN mismatch for Journal of Law and Economics (config ISSN 0022-2186): got 'The Journal of Law and Economics' — check journals.json
[2026-09-03 00:37:17] ISSN mismatch for Journal of Legal Studies (config ISSN 0047-2530): got 'The Journal of Legal Studies' — check journals.json
[2026-09-03 00:37:17] HTTP 404: Journal of Legal Analysis (1946-5734)
[2026-09-03 00:37:18] ISSN mismatch for Review of Law & Economics (config ISSN 1555-5879): got 'Review of Law &amp; Economics' — check journals.json
[2026-09-03 00:37:18] HTTP 404: Research in Law and Economics (0193-5895)
[2026-09-03 00:37:19] ISSN mismatch for Journal of Industrial Economics (config ISSN 0022-1821): got 'The Journal of Industrial Economics' — check journals.json
[2026-09-03 00:37:21] HTTP 404: New York University Law Review (0028-7881)
[2026-09-03 00:37:22] HTTP 404: European Law Journal (1358-1877)
[2026-09-03 00:37:23] ISSN mismatch for RAND Journal of Economics (config ISSN 0741-6261): got 'The RAND Journal of Economics' — check journals.json
[2026-09-03 06:33:51] HTTP 404: Journal of Competition Law & Economics (1741-2009)
[2026-09-03 06:33:52] HTTP 404: Antitrust Law Journal (0003-5383)
[2026-09-03 06:33:52] HTTP 404: World Competition (1011-6558)
[2026-09-03 06:33:52] HTTP 404: Journal of European Competition Law & Practice (2043-4754)
[2026-09-03 06:33:52] ISSN mismatch for Journal of Law and Economics (config ISSN 0022-2186): got 'The Journal of Law and Economics' — check journals.json
[2026-09-03 06:33:52] ISSN mismatch for Journal of Legal Studies (config ISSN 0047-2530): got 'The Journal of Legal Studies' — check journals.json
[2026-09-03 06:33:53] HTTP 404: Journal of Legal Analysis (1946-5734)
[2026-09-03 06:33:53] ISSN mismatch for Review of Law & Economics (config ISSN 1555-5879): got 'Review of Law &amp; Economics' — check journals.json
[2026-09-03 06:33:53] HTTP 404: Research in Law and Economics (0193-5895)
[2026-09-03 06:33:53] ISSN mismatch for Journal of Industrial Economics (config ISSN 0022-1821): got 'The Journal of Industrial Economics' — check journals.json
[2026-09-03 06:33:54] HTTP 404: New York University Law Review (0028-7881)
[2026-09-03 06:33:55] HTTP 404: European Law Journal (1358-1877)
[2026-09-03 06:33:55] ISSN mismatch for RAND Journal of Economics (config ISSN 0741-6261): got 'The RAND Journal of Economics' — check journals.json
[2026-09-03 12:33:59] HTTP 404: Journal of Competition Law & Economics (1741-2009)
[2026-09-03 12:33:59] HTTP 404: Antitrust Law Journal (0003-5383)
[2026-09-03 12:34:00] HTTP 404: World Competition (1011-6558)
[2026-09-03 12:34:03] HTTP 404: Journal of European Competition Law & Practice (2043-4754)
[2026-09-03 12:34:03] ISSN mismatch for Journal of Law and Economics (config ISSN 0022-2186): got 'The Journal of Law and Economics' — check journals.json
[2026-09-03 12:34:03] ISSN mismatch for Journal of Legal Studies (config ISSN 0047-2530): got 'The Journal of Legal Studies' — check journals.json
[2026-09-03 12:34:03] HTTP 404: Journal of Legal Analysis (1946-5734)
[2026-09-03 12:34:04] ISSN mismatch for Review of Law & Economics (config ISSN 1555-5879): got 'Review of Law &amp; Economics' — check journals.json
[2026-09-03 12:34:04] HTTP 404: Research in Law and Economics (0193-5895)
[2026-09-03 12:34:05] ISSN mismatch for Journal of Industrial Economics (config ISSN 0022-1821): got 'The Journal of Industrial Economics' — check journals.json
[2026-09-03 12:34:06] HTTP 404: New York University Law Review (0028-7881)
[2026-09-03 12:34:06] HTTP 404: European Law Journal (1358-1877)
[2026-09-03 12:34:06] ISSN mismatch for RAND Journal of Economics (config ISSN 0741-6261): got 'The RAND Journal of Economics' — check journals.json
[2026-09-03 18:30:45] HTTP 404: Journal of Competition Law & Economics (1741-2009)
[2026-09-03 18:30:45] HTTP 404: Antitrust Law Journal (0003-5383)
[2026-09-03 18:30:45] HTTP 404: World Competition (1011-6558)
[2026-09-03 18:30:45] HTTP 404: Journal of European Competition Law & Practice (2043-4754)
[2026-09-03 18:30:45] ISSN mismatch for Journal of Law and Economics (config ISSN 0022-2186): got 'The Journal of Law and Economics' — check journals.json
[2026-09-03 18:30:45] ISSN mismatch for Journal of Legal Studies (config ISSN 0047-2530): got 'The Journal of Legal Studies' — check journals.json
[2026-09-03 18:30:46] HTTP 404: Journal of Legal Analysis (1946-5734)
[2026-09-03 18:30:46] ISSN mismatch for Review of Law & Economics (config ISSN 1555-5879): got 'Review of Law &amp; Economics' — check journals.json
[2026-09-03 18:30:46] HTTP 404: Research in Law and Economics (0193-5895)
[2026-09-03 18:30:47] ISSN mismatch for Journal of Industrial Economics (config ISSN 0022-1821): got 'The Journal of Industrial Economics' — check journals.json
[2026-09-03 18:30:48] HTTP 404: New York University Law Review (0028-7881)
[2026-09-03 18:30:48] HTTP 404: European Law Journal (1358-1877)
[2026-09-03 18:30:49] ISSN mismatch for RAND Journal of Economics (config ISSN 0741-6261): got 'The RAND Journal of Economics' — check journals.json
[2026-09-04 00:34:15] HTTP 404: Journal of Competition Law & Economics (1741-2009)
[2026-09-04 00:34:15] HTTP 404: Antitrust Law Journal (0003-5383)
[2026-09-04 00:34:15] HTTP 404: World Competition (1011-6558)
[2026-09-04 00:34:15] HTTP 404: Journal of European Competition Law & Practice (2043-4754)
[2026-09-04 00:34:16] ISSN mismatch for Journal of Law and Economics (config ISSN 0022-2186): got 'The Journal of Law and Economics' — check journals.json
[2026-09-04 00:34:16] ISSN mismatch for Journal of Legal Studies (config ISSN 0047-2530): got 'The Journal of Legal Studies' — check journals.json
[2026-09-04 00:34:16] HTTP 404: Journal of Legal Analysis (1946-5734)
[2026-09-04 00:34:17] ISSN mismatch for Review of Law & Economics (config ISSN 1555-5879): got 'Review of Law &amp; Economics' — check journals.json
[2026-09-04 00:34:17] HTTP 404: Research in Law and Economics (0193-5895)
[2026-09-04 00:34:17] ISSN mismatch for Journal of Industrial Economics (config ISSN 0022-1821): got 'The Journal of Industrial Economics' — check journals.json
[2026-09-04 00:34:18] HTTP 404: New York University Law Review (0028-7881)
[2026-09-04 00:34:18] HTTP 404: European Law Journal (1358-1877)
[2026-09-04 00:34:19] ISSN mismatch for RAND Journal of Economics (config ISSN 0741-6261): got 'The RAND Journal of Economics' — check journals.json
[2026-09-04 06:32:23] HTTP 404: Journal of Competition Law & Economics (1741-2009)
[2026-09-04 06:32:23] HTTP 404: Antitrust Law Journal (0003-5383)
[2026-09-04 06:32:24] HTTP 404: World Competition (1011-6558)
[2026-09-04 06:32:24] HTTP 404: Journal of European Competition Law & Practice (2043-4754)
[2026-09-04 06:32:24] ISSN mismatch for Journal of Law and Economics (config ISSN 0022-2186): got 'The Journal of Law and Economics' — check journals.json
[2026-09-04 06:32:24] ISSN mismatch for Journal of Legal Studies (config ISSN 0047-2530): got 'The Journal of Legal Studies' — check journals.json
[2026-09-04 06:32:25] HTTP 404: Journal of Legal Analysis (1946-5734)
[2026-09-04 06:32:26] ISSN mismatch for Review of Law & Economics (config ISSN 1555-5879): got 'Review of Law &amp; Economics' — check journals.json
[2026-09-04 06:32:26] HTTP 404: Research in Law and Economics (0193-5895)
[2026-09-04 06:32:27] ISSN mismatch for Journal of Industrial Economics (config ISSN 0022-1821): got 'The Journal of Industrial Economics' — check journals.json
[2026-09-04 06:32:28] HTTP 404: New York University Law Review (0028-7881)
[2026-09-04 06:32:30] HTTP 404: European Law Journal (1358-1877)
[2026-09-04 06:32:30] ISSN mismatch for RAND Journal of Economics (config ISSN 0741-6261): got 'The RAND Journal of Economics' — check journals.json
[2026-09-04 12:33:14] HTTP 404: Journal of Competition Law & Economics (1741-2009)
[2026-09-04 12:33:14] HTTP 404: Antitrust Law Journal (0003-5383)
[2026-09-04 12:33:14] HTTP 404: World Competition (1011-6558)
[2026-09-04 12:33:14] HTTP 404: Journal of European Competition Law & Practice (2043-4754)
[2026-09-04 12:33:14] ISSN mismatch for Journal of Law and Economics (config ISSN 0022-2186): got 'The Journal of Law and Economics' — check journals.json
[2026-09-04 12:33:14] ISSN mismatch for Journal of Legal Studies (config ISSN 0047-2530): got 'The Journal of Legal Studies' — check journals.json
[2026-09-04 12:33:14] HTTP 404: Journal of Legal Analysis (1946-5734)
[2026-09-04 12:33:15] ISSN mismatch for Review of Law & Economics (config ISSN 1555-5879): got 'Review of Law &amp; Economics' — check journals.json
[2026-09-04 12:33:15] HTTP 404: Research in Law and Economics (0193-5895)
[2026-09-04 12:33:15] ISSN mismatch for Journal of Industrial Economics (config ISSN 0022-1821): got 'The Journal of Industrial Economics' — check journals.json
[2026-09-04 12:33:16] HTTP 404: New York University Law Review (0028-7881)
[2026-09-04 12:33:17] HTTP 404: European Law Journal (1358-1877)
[2026-09-04 12:33:17] ISSN mismatch for RAND Journal of Economics (config ISSN 0741-6261): got 'The RAND Journal of Economics' — check journals.json
[2026-09-04 18:28:01] HTTP 404: Journal of Competition Law & Economics (1741-2009)
[2026-09-04 18:28:02] HTTP 404: Antitrust Law Journal (0003-5383)
[2026-09-04 18:28:02] HTTP 404: World Competition (1011-6558)
[2026-09-04 18:28:03] HTTP 404: Journal of European Competition Law & Practice (2043-4754)
[2026-09-04 18:28:03] ISSN mismatch for Journal of Law and Economics (config ISSN 0022-2186): got 'The Journal of Law and Economics' — check journals.json
[2026-09-04 18:28:03] ISSN mismatch for Journal of Legal Studies (config ISSN 0047-2530): got 'The Journal of Legal Studies' — check journals.json
[2026-09-04 18:28:03] HTTP 404: Journal of Legal Analysis (1946-5734)
[2026-09-04 18:28:04] ISSN mismatch for Review of Law & Economics (config ISSN 1555-5879): got 'Review of Law &amp; Economics' — check journals.json
[2026-09-04 18:28:04] HTTP 404: Research in Law and Economics (0193-5895)
[2026-09-04 18:28:05] ISSN mismatch for Journal of Industrial Economics (config ISSN 0022-1821): got 'The Journal of Industrial Economics' — check journals.json
[2026-09-04 18:28:07] HTTP 404: New York University Law Review (0028-7881)
[2026-09-04 18:28:08] HTTP 404: European Law Journal (1358-1877)
[2026-09-04 18:28:08] ISSN mismatch for RAND Journal of Economics (config ISSN 0741-6261): got 'The RAND Journal of Economics' — check journals.json
[2026-09-05 00:35:50] HTTP 404: Journal of Competition Law & Economics (1741-2009)
[2026-09-05 00:35:50] HTTP 404: Antitrust Law Journal (0003-5383)
[2026-09-05 00:35:51] HTTP 404: World Competition (1011-6558)
[2026-09-05 00:35:51] HTTP 404: Journal of European Competition Law & Practice (2043-4754)
[2026-09-05 00:35:51] ISSN mismatch for Journal of Law and Economics (config ISSN 0022-2186): got 'The Journal of Law and Economics' — check journals.json
[2026-09-05 00:35:51] ISSN mismatch for Journal of Legal Studies (config ISSN 0047-2530): got 'The Journal of Legal Studies' — check journals.json
[2026-09-05 00:35:51] HTTP 404: Journal of Legal Analysis (1946-5734)
[2026-09-05 00:35:52] ISSN mismatch for Review of Law & Economics (config ISSN 1555-5879): got 'Review of Law &amp; Economics' — check journals.json
[2026-09-05 00:35:52] HTTP 404: Research in Law and Economics (0193-5895)
[2026-09-05 00:35:53] ISSN mismatch for Journal of Industrial Economics (config ISSN 0022-1821): got 'The Journal of Industrial Economics' — check journals.json
[2026-09-05 00:35:54] HTTP 404: New York University Law Review (0028-7881)
[2026-09-05 00:35:56] HTTP 404: European Law Journal (1358-1877)
[2026-09-05 00:35:56] ISSN mismatch for RAND Journal of Economics (config ISSN 0741-6261): got 'The RAND Journal of Economics' — check journals.json
[2026-09-05 06:30:01] HTTP 404: Journal of Competition Law & Economics (1741-2009)
[2026-09-05 06:30:02] HTTP 404: Antitrust Law Journal (0003-5383)
[2026-09-05 06:30:02] HTTP 404: World Competition (1011-6558)
[2026-09-05 06:30:03] HTTP 404: Journal of European Competition Law & Practice (2043-4754)
[2026-09-05 06:30:04] ISSN mismatch for Journal of Law and Economics (config ISSN 0022-2186): got 'The Journal of Law and Economics' — check journals.json
[2026-09-05 06:30:05] ISSN mismatch for Journal of Legal Studies (config ISSN 0047-2530): got 'The Journal of Legal Studies' — check journals.json
[2026-09-05 06:30:05] HTTP 404: Journal of Legal Analysis (1946-5734)
[2026-09-05 06:30:06] ISSN mismatch for Review of Law & Economics (config ISSN 1555-5879): got 'Review of Law &amp; Economics' — check journals.json
[2026-09-05 06:30:06] HTTP 404: Research in Law and Economics (0193-5895)
[2026-09-05 06:30:06] ISSN mismatch for Journal of Industrial Economics (config ISSN 0022-1821): got 'The Journal of Industrial Economics' — check journals.json
[2026-09-05 06:30:07] HTTP 404: New York University Law Review (0028-7881)
[2026-09-05 06:30:08] HTTP 404: European Law Journal (1358-1877)
[2026-09-05 06:30:08] ISSN mismatch for RAND Journal of Economics (config ISSN 0741-6261): got 'The RAND Journal of Economics' — check journals.json
[2026-09-05 12:29:57] HTTP 404: Journal of Competition Law & Economics (1741-2009)
[2026-09-05 12:29:58] HTTP 404: Antitrust Law Journal (0003-5383)
[2026-09-05 12:29:58] HTTP 404: World Competition (1011-6558)
[2026-09-05 12:29:59] HTTP 404: Journal of European Competition Law & Practice (2043-4754)
[2026-09-05 12:29:59] ISSN mismatch for Journal of Law and Economics (config ISSN 0022-2186): got 'The Journal of Law and Economics' — check journals.json
[2026-09-05 12:30:00] ISSN mismatch for Journal of Legal Studies (config ISSN 0047-2530): got 'The Journal of Legal Studies' — check journals.json
[2026-09-05 12:30:00] HTTP 404: Journal of Legal Analysis (1946-5734)
[2026-09-05 12:30:03] ISSN mismatch for Review of Law & Economics (config ISSN 1555-5879): got 'Review of Law &amp; Economics' — check journals.json
[2026-09-05 12:30:03] HTTP 404: Research in Law and Economics (0193-5895)
[2026-09-05 12:30:05] ISSN mismatch for Journal of Industrial Economics (config ISSN 0022-1821): got 'The Journal of Industrial Economics' — check journals.json
[2026-09-05 12:30:08] HTTP 404: New York University Law Review (0028-7881)
[2026-09-05 12:30:10] HTTP 404: European Law Journal (1358-1877)
[2026-09-05 12:30:10] ISSN mismatch for RAND Journal of Economics (config ISSN 0741-6261): got 'The RAND Journal of Economics' — check journals.json
[2026-09-05 18:27:23] HTTP 404: Journal of Competition Law & Economics (1741-2009)
[2026-09-05 18:27:23] HTTP 404: Antitrust Law Journal (0003-5383)
[2026-09-05 18:27:23] HTTP 404: World Competition (1011-6558)
[2026-09-05 18:27:24] HTTP 404: Journal of European Competition Law & Practice (2043-4754)
[2026-09-05 18:27:24] ISSN mismatch for Journal of Law and Economics (config ISSN 0022-2186): got 'The Journal of Law and Economics' — check journals.json
[2026-09-05 18:27:24] ISSN mismatch for Journal of Legal Studies (config ISSN 0047-2530): got 'The Journal of Legal Studies' — check journals.json
[2026-09-05 18:27:24] HTTP 404: Journal of Legal Analysis (1946-5734)
[2026-09-05 18:27:24] ISSN mismatch for Review of Law & Economics (config ISSN 1555-5879): got 'Review of Law &amp; Economics' — check journals.json
[2026-09-05 18:27:24] HTTP 404: Research in Law and Economics (0193-5895)
[2026-09-05 18:27:25] ISSN mismatch for Journal of Industrial Economics (config ISSN 0022-1821): got 'The Journal of Industrial Economics' — check journals.json
[2026-09-05 18:27:26] HTTP 404: New York University Law Review (0028-7881)
[2026-09-05 18:27:27] HTTP 404: European Law Journal (1358-1877)
[2026-09-05 18:27:27] ISSN mismatch for RAND Journal of Economics (config ISSN 0741-6261): got 'The RAND Journal of Economics' — check journals.json
[2026-09-06 00:38:51] HTTP 404: Journal of Competition Law & Economics (1741-2009)
[2026-09-06 00:38:52] HTTP 404: Antitrust Law Journal (0003-5383)
[2026-09-06 00:38:52] HTTP 404: World Competition (1011-6558)
[2026-09-06 00:38:52] HTTP 404: Journal of European Competition Law & Practice (2043-4754)
[2026-09-06 00:38:53] ISSN mismatch for Journal of Law and Economics (config ISSN 0022-2186): got 'The Journal of Law and Economics' — check journals.json
[2026-09-06 00:38:53] ISSN mismatch for Journal of Legal Studies (config ISSN 0047-2530): got 'The Journal of Legal Studies' — check journals.json
[2026-09-06 00:38:53] HTTP 404: Journal of Legal Analysis (1946-5734)
[2026-09-06 00:38:54] ISSN mismatch for Review of Law & Economics (config ISSN 1555-5879): got 'Review of Law &amp; Economics' — check journals.json
[2026-09-06 00:38:54] HTTP 404: Research in Law and Economics (0193-5895)
[2026-09-06 00:38:55] ISSN mismatch for Journal of Industrial Economics (config ISSN 0022-1821): got 'The Journal of Industrial Economics' — check journals.json
[2026-09-06 00:38:57] HTTP 404: New York University Law Review (0028-7881)
[2026-09-06 00:38:58] HTTP 404: European Law Journal (1358-1877)
[2026-09-06 00:38:58] ISSN mismatch for RAND Journal of Economics (config ISSN 0741-6261): got 'The RAND Journal of Economics' — check journals.json
[2026-09-06 06:30:46] HTTP 404: Journal of Competition Law & Economics (1741-2009)
[2026-09-06 06:30:47] HTTP 404: Antitrust Law Journal (0003-5383)
[2026-09-06 06:30:47] HTTP 404: World Competition (1011-6558)
[2026-09-06 06:30:47] HTTP 404: Journal of European Competition Law & Practice (2043-4754)
[2026-09-06 06:30:48] ISSN mismatch for Journal of Law and Economics (config ISSN 0022-2186): got 'The Journal of Law and Economics' — check journals.json
[2026-09-06 06:30:48] ISSN mismatch for Journal of Legal Studies (config ISSN 0047-2530): got 'The Journal of Legal Studies' — check journals.json
[2026-09-06 06:30:48] HTTP 404: Journal of Legal Analysis (1946-5734)
[2026-09-06 06:30:50] ISSN mismatch for Review of Law & Economics (config ISSN 1555-5879): got 'Review of Law &amp; Economics' — check journals.json
[2026-09-06 06:30:50] HTTP 404: Research in Law and Economics (0193-5895)
[2026-09-06 06:30:51] ISSN mismatch for Journal of Industrial Economics (config ISSN 0022-1821): got 'The Journal of Industrial Economics' — check journals.json
[2026-09-06 06:30:53] HTTP 404: New York University Law Review (0028-7881)
[2026-09-06 06:30:55] HTTP 404: European Law Journal (1358-1877)
[2026-09-06 06:30:55] ISSN mismatch for RAND Journal of Economics (config ISSN 0741-6261): got 'The RAND Journal of Economics' — check journals.json
[2026-09-06 12:30:55] HTTP 404: Journal of Competition Law & Economics (1741-2009)
[2026-09-06 12:30:57] HTTP 404: Antitrust Law Journal (0003-5383)
[2026-09-06 12:30:57] HTTP 404: World Competition (1011-6558)
[2026-09-06 12:30:57] HTTP 404: Journal of European Competition Law & Practice (2043-4754)
[2026-09-06 12:30:58] ISSN mismatch for Journal of Law and Economics (config ISSN 0022-2186): got 'The Journal of Law and Economics' — check journals.json
[2026-09-06 12:30:58] ISSN mismatch for Journal of Legal Studies (config ISSN 0047-2530): got 'The Journal of Legal Studies' — check journals.json
[2026-09-06 12:30:58] HTTP 404: Journal of Legal Analysis (1946-5734)
[2026-09-06 12:31:01] ISSN mismatch for Review of Law & Economics (config ISSN 1555-5879): got 'Review of Law &amp; Economics' — check journals.json
[2026-09-06 12:31:02] HTTP 404: Research in Law and Economics (0193-5895)
[2026-09-06 12:31:04] ISSN mismatch for Journal of Industrial Economics (config ISSN 0022-1821): got 'The Journal of Industrial Economics' — check journals.json
[2026-09-06 12:31:05] HTTP 404: New York University Law Review (0028-7881)
[2026-09-06 12:31:08] HTTP 404: European Law Journal (1358-1877)
[2026-09-06 12:31:08] ISSN mismatch for RAND Journal of Economics (config ISSN 0741-6261): got 'The RAND Journal of Economics' — check journals.json
[2026-09-06 18:27:37] HTTP 404: Journal of Competition Law & Economics (1741-2009)
[2026-09-06 18:27:39] HTTP 404: Antitrust Law Journal (0003-5383)
[2026-09-06 18:27:39] HTTP 404: World Competition (1011-6558)
[2026-09-06 18:27:39] HTTP 404: Journal of European Competition Law & Practice (2043-4754)
[2026-09-06 18:27:41] ISSN mismatch for Journal of Law and Economics (config ISSN 0022-2186): got 'The Journal of Law and Economics' — check journals.json
[2026-09-06 18:27:42] ISSN mismatch for Journal of Legal Studies (config ISSN 0047-2530): got 'The Journal of Legal Studies' — check journals.json
[2026-09-06 18:27:42] HTTP 404: Journal of Legal Analysis (1946-5734)
[2026-09-06 18:27:46] ISSN mismatch for Review of Law & Economics (config ISSN 1555-5879): got 'Review of Law &amp; Economics' — check journals.json
[2026-09-06 18:27:46] HTTP 404: Research in Law and Economics (0193-5895)
[2026-09-06 18:27:48] ISSN mismatch for Journal of Industrial Economics (config ISSN 0022-1821): got 'The Journal of Industrial Economics' — check journals.json
[2026-09-06 18:27:52] HTTP 404: New York University Law Review (0028-7881)
[2026-09-06 18:27:53] HTTP 404: European Law Journal (1358-1877)
[2026-09-06 18:27:54] ISSN mismatch for RAND Journal of Economics (config ISSN 0741-6261): got 'The RAND Journal of Economics' — check journals.json
[2026-09-07 00:38:52] HTTP 404: Journal of Competition Law & Economics (1741-2009)
[2026-09-07 00:38:53] HTTP 404: Antitrust Law Journal (0003-5383)
[2026-09-07 00:38:53] HTTP 404: World Competition (1011-6558)
[2026-09-07 00:38:54] HTTP 404: Journal of European Competition Law & Practice (2043-4754)
[2026-09-07 00:38:55] ISSN mismatch for Journal of Law and Economics (config ISSN 0022-2186): got 'The Journal of Law and Economics' — check journals.json
[2026-09-07 00:38:55] ISSN mismatch for Journal of Legal Studies (config ISSN 0047-2530): got 'The Journal of Legal Studies' — check journals.json
[2026-09-07 00:38:55] HTTP 404: Journal of Legal Analysis (1946-5734)
[2026-09-07 00:38:57] ISSN mismatch for Review of Law & Economics (config ISSN 1555-5879): got 'Review of Law &amp; Economics' — check journals.json
[2026-09-07 00:38:57] HTTP 404: Research in Law and Economics (0193-5895)
[2026-09-07 00:38:59] ISSN mismatch for Journal of Industrial Economics (config ISSN 0022-1821): got 'The Journal of Industrial Economics' — check journals.json
[2026-09-07 00:39:03] HTTP 404: New York University Law Review (0028-7881)
[2026-09-07 00:39:06] HTTP 404: European Law Journal (1358-1877)
[2026-09-07 00:39:07] ISSN mismatch for RAND Journal of Economics (config ISSN 0741-6261): got 'The RAND Journal of Economics' — check journals.json
[2026-09-07 06:36:10] HTTP 404: Journal of Competition Law & Economics (1741-2009)
[2026-09-07 06:36:13] HTTP 404: Antitrust Law Journal (0003-5383)
[2026-09-07 06:36:13] HTTP 404: World Competition (1011-6558)
[2026-09-07 06:36:14] HTTP 404: Journal of European Competition Law & Practice (2043-4754)
[2026-09-07 06:36:16] ISSN mismatch for Journal of Law and Economics (config ISSN 0022-2186): got 'The Journal of Law and Economics' — check journals.json
[2026-09-07 06:36:17] ISSN mismatch for Journal of Legal Studies (config ISSN 0047-2530): got 'The Journal of Legal Studies' — check journals.json
[2026-09-07 06:36:17] HTTP 404: Journal of Legal Analysis (1946-5734)
[2026-09-07 06:36:22] ISSN mismatch for Review of Law & Economics (config ISSN 1555-5879): got 'Review of Law &amp; Economics' — check journals.json
[2026-09-07 06:36:22] HTTP 404: Research in Law and Economics (0193-5895)
[2026-09-07 06:36:25] ISSN mismatch for Journal of Industrial Economics (config ISSN 0022-1821): got 'The Journal of Industrial Economics' — check journals.json
[2026-09-07 06:36:33] HTTP 404: New York University Law Review (0028-7881)
[2026-09-07 06:36:39] HTTP 404: European Law Journal (1358-1877)
[2026-09-07 06:36:40] ISSN mismatch for RAND Journal of Economics (config ISSN 0741-6261): got 'The RAND Journal of Economics' — check journals.json
[2026-09-07 12:34:44] HTTP 404: Journal of Competition Law & Economics (1741-2009)
[2026-09-07 12:34:46] HTTP 404: Antitrust Law Journal (0003-5383)
[2026-09-07 12:34:47] HTTP 404: World Competition (1011-6558)
[2026-09-07 12:34:47] HTTP 404: Journal of European Competition Law & Practice (2043-4754)
[2026-09-07 12:34:49] ISSN mismatch for Journal of Law and Economics (config ISSN 0022-2186): got 'The Journal of Law and Economics' — check journals.json
[2026-09-07 12:34:53] ISSN mismatch for Journal of Legal Studies (config ISSN 0047-2530): got 'The Journal of Legal Studies' — check journals.json
[2026-09-07 12:34:53] HTTP 404: Journal of Legal Analysis (1946-5734)
[2026-09-07 12:34:58] ISSN mismatch for Review of Law & Economics (config ISSN 1555-5879): got 'Review of Law &amp; Economics' — check journals.json
[2026-09-07 12:34:59] HTTP 404: Research in Law and Economics (0193-5895)
[2026-09-07 12:35:06] ISSN mismatch for Journal of Industrial Economics (config ISSN 0022-1821): got 'The Journal of Industrial Economics' — check journals.json
[2026-09-07 12:35:14] HTTP 404: New York University Law Review (0028-7881)
[2026-09-07 12:35:22] HTTP 404: European Law Journal (1358-1877)
[2026-09-07 12:35:26] ISSN mismatch for RAND Journal of Economics (config ISSN 0741-6261): got 'The RAND Journal of Economics' — check journals.json
[2026-09-07 18:30:30] HTTP 404: Journal of Competition Law & Economics (1741-2009)
[2026-09-07 18:30:31] HTTP 404: Antitrust Law Journal (0003-5383)
[2026-09-07 18:30:31] HTTP 404: World Competition (1011-6558)
[2026-09-07 18:30:31] HTTP 404: Journal of European Competition Law & Practice (2043-4754)
[2026-09-07 18:30:32] ISSN mismatch for Journal of Law and Economics (config ISSN 0022-2186): got 'The Journal of Law and Economics' — check journals.json
[2026-09-07 18:30:33] ISSN mismatch for Journal of Legal Studies (config ISSN 0047-2530): got 'The Journal of Legal Studies' — check journals.json
[2026-09-07 18:30:33] HTTP 404: Journal of Legal Analysis (1946-5734)
[2026-09-07 18:30:35] ISSN mismatch for Review of Law & Economics (config ISSN 1555-5879): got 'Review of Law &amp; Economics' — check journals.json
[2026-09-07 18:30:35] HTTP 404: Research in Law and Economics (0193-5895)
[2026-09-07 18:30:36] ISSN mismatch for Journal of Industrial Economics (config ISSN 0022-1821): got 'The Journal of Industrial Economics' — check journals.json
[2026-09-07 18:30:39] HTTP 404: New York University Law Review (0028-7881)
[2026-09-07 18:30:42] HTTP 404: European Law Journal (1358-1877)
[2026-09-07 18:30:43] ISSN mismatch for RAND Journal of Economics (config ISSN 0741-6261): got 'The RAND Journal of Economics' — check journals.json
[2026-09-08 00:38:19] HTTP 404: Journal of Competition Law & Economics (1741-2009)
[2026-09-08 00:38:20] HTTP 404: Antitrust Law Journal (0003-5383)
[2026-09-08 00:38:20] HTTP 404: World Competition (1011-6558)
[2026-09-08 00:38:20] HTTP 404: Journal of European Competition Law & Practice (2043-4754)
[2026-09-08 00:38:21] ISSN mismatch for Journal of Law and Economics (config ISSN 0022-2186): got 'The Journal of Law and Economics' — check journals.json
[2026-09-08 00:38:21] ISSN mismatch for Journal of Legal Studies (config ISSN 0047-2530): got 'The Journal of Legal Studies' — check journals.json
[2026-09-08 00:38:21] HTTP 404: Journal of Legal Analysis (1946-5734)
[2026-09-08 00:38:21] ISSN mismatch for Review of Law & Economics (config ISSN 1555-5879): got 'Review of Law &amp; Economics' — check journals.json
[2026-09-08 00:38:21] HTTP 404: Research in Law and Economics (0193-5895)
[2026-09-08 00:38:22] ISSN mismatch for Journal of Industrial Economics (config ISSN 0022-1821): got 'The Journal of Industrial Economics' — check journals.json
[2026-09-08 00:38:23] HTTP 404: New York University Law Review (0028-7881)
[2026-09-08 00:38:24] HTTP 404: European Law Journal (1358-1877)
[2026-09-08 00:38:24] ISSN mismatch for RAND Journal of Economics (config ISSN 0741-6261): got 'The RAND Journal of Economics' — check journals.json
[2026-09-08 06:33:34] HTTP 404: Journal of Competition Law & Economics (1741-2009)
[2026-09-08 06:33:35] HTTP 404: Antitrust Law Journal (0003-5383)
[2026-09-08 06:33:36] HTTP 404: World Competition (1011-6558)
[2026-09-08 06:33:36] HTTP 404: Journal of European Competition Law & Practice (2043-4754)
[2026-09-08 06:33:37] ISSN mismatch for Journal of Law and Economics (config ISSN 0022-2186): got 'The Journal of Law and Economics' — check journals.json
[2026-09-08 06:33:38] ISSN mismatch for Journal of Legal Studies (config ISSN 0047-2530): got 'The Journal of Legal Studies' — check journals.json
[2026-09-08 06:33:38] HTTP 404: Journal of Legal Analysis (1946-5734)
[2026-09-08 06:33:41] ISSN mismatch for Review of Law & Economics (config ISSN 1555-5879): got 'Review of Law &amp; Economics' — check journals.json
[2026-09-08 06:33:41] HTTP 404: Research in Law and Economics (0193-5895)
[2026-09-08 06:33:43] ISSN mismatch for Journal of Industrial Economics (config ISSN 0022-1821): got 'The Journal of Industrial Economics' — check journals.json
[2026-09-08 06:33:46] HTTP 404: New York University Law Review (0028-7881)
[2026-09-08 06:33:50] HTTP 404: European Law Journal (1358-1877)
[2026-09-08 06:33:51] ISSN mismatch for RAND Journal of Economics (config ISSN 0741-6261): got 'The RAND Journal of Economics' — check journals.json
[2026-09-08 12:34:51] HTTP 404: Journal of Competition Law & Economics (1741-2009)
[2026-09-08 12:34:52] HTTP 404: Antitrust Law Journal (0003-5383)
[2026-09-08 12:34:52] HTTP 404: World Competition (1011-6558)
[2026-09-08 12:34:53] HTTP 404: Journal of European Competition Law & Practice (2043-4754)
[2026-09-08 12:34:54] ISSN mismatch for Journal of Law and Economics (config ISSN 0022-2186): got 'The Journal of Law and Economics' — check journals.json
[2026-09-08 12:34:55] ISSN mismatch for Journal of Legal Studies (config ISSN 0047-2530): got 'The Journal of Legal Studies' — check journals.json
[2026-09-08 12:34:55] HTTP 404: Journal of Legal Analysis (1946-5734)
[2026-09-08 12:35:00] ISSN mismatch for Review of Law & Economics (config ISSN 1555-5879): got 'Review of Law &amp; Economics' — check journals.json
[2026-09-08 12:35:00] HTTP 404: Research in Law and Economics (0193-5895)
[2026-09-08 12:35:04] ISSN mismatch for Journal of Industrial Economics (config ISSN 0022-1821): got 'The Journal of Industrial Economics' — check journals.json
[2026-09-08 12:35:10] HTTP 404: New York University Law Review (0028-7881)
[2026-09-08 12:35:15] HTTP 404: European Law Journal (1358-1877)
[2026-09-08 12:35:16] ISSN mismatch for RAND Journal of Economics (config ISSN 0741-6261): got 'The RAND Journal of Economics' — check journals.json
[2026-09-08 18:32:02] HTTP 404: Journal of Competition Law & Economics (1741-2009)
[2026-09-08 18:32:04] HTTP 404: Antitrust Law Journal (0003-5383)
[2026-09-08 18:32:04] HTTP 404: World Competition (1011-6558)
[2026-09-08 18:32:04] HTTP 404: Journal of European Competition Law & Practice (2043-4754)
[2026-09-08 18:32:05] ISSN mismatch for Journal of Law and Economics (config ISSN 0022-2186): got 'The Journal of Law and Economics' — check journals.json
[2026-09-08 18:32:06] ISSN mismatch for Journal of Legal Studies (config ISSN 0047-2530): got 'The Journal of Legal Studies' — check journals.json
[2026-09-08 18:32:06] HTTP 404: Journal of Legal Analysis (1946-5734)
[2026-09-08 18:32:09] ISSN mismatch for Review of Law & Economics (config ISSN 1555-5879): got 'Review of Law &amp; Economics' — check journals.json
[2026-09-08 18:32:09] HTTP 404: Research in Law and Economics (0193-5895)
[2026-09-08 18:32:11] ISSN mismatch for Journal of Industrial Economics (config ISSN 0022-1821): got 'The Journal of Industrial Economics' — check journals.json
[2026-09-08 18:32:13] HTTP 404: New York University Law Review (0028-7881)
[2026-09-08 18:32:16] HTTP 404: European Law Journal (1358-1877)
[2026-09-08 18:32:17] ISSN mismatch for RAND Journal of Economics (config ISSN 0741-6261): got 'The RAND Journal of Economics' — check journals.json
[2026-09-09 00:38:07] HTTP 404: Journal of Competition Law & Economics (1741-2009)
[2026-09-09 00:38:08] HTTP 404: Antitrust Law Journal (0003-5383)
[2026-09-09 00:38:08] HTTP 404: World Competition (1011-6558)
[2026-09-09 00:38:08] HTTP 404: Journal of European Competition Law & Practice (2043-4754)
[2026-09-09 00:38:09] ISSN mismatch for Journal of Law and Economics (config ISSN 0022-2186): got 'The Journal of Law and Economics' — check journals.json
[2026-09-09 00:38:09] ISSN mismatch for Journal of Legal Studies (config ISSN 0047-2530): got 'The Journal of Legal Studies' — check journals.json
[2026-09-09 00:38:10] HTTP 404: Journal of Legal Analysis (1946-5734)
[2026-09-09 00:38:10] ISSN mismatch for Review of Law & Economics (config ISSN 1555-5879): got 'Review of Law &amp; Economics' — check journals.json
[2026-09-09 00:38:11] HTTP 404: Research in Law and Economics (0193-5895)
[2026-09-09 00:38:12] ISSN mismatch for Journal of Industrial Economics (config ISSN 0022-1821): got 'The Journal of Industrial Economics' — check journals.json
[2026-09-09 00:38:14] HTTP 404: New York University Law Review (0028-7881)
[2026-09-09 00:38:16] HTTP 404: European Law Journal (1358-1877)
[2026-09-09 00:38:16] ISSN mismatch for RAND Journal of Economics (config ISSN 0741-6261): got 'The RAND Journal of Economics' — check journals.json
[2026-09-09 06:34:15] HTTP 404: Journal of Competition Law & Economics (1741-2009)
[2026-09-09 06:34:16] HTTP 404: Antitrust Law Journal (0003-5383)
[2026-09-09 06:34:16] HTTP 404: World Competition (1011-6558)
[2026-09-09 06:34:17] HTTP 404: Journal of European Competition Law & Practice (2043-4754)
[2026-09-09 06:34:18] ISSN mismatch for Journal of Law and Economics (config ISSN 0022-2186): got 'The Journal of Law and Economics' — check journals.json
[2026-09-09 06:34:18] ISSN mismatch for Journal of Legal Studies (config ISSN 0047-2530): got 'The Journal of Legal Studies' — check journals.json
[2026-09-09 06:34:18] HTTP 404: Journal of Legal Analysis (1946-5734)
[2026-09-09 06:34:20] ISSN mismatch for Review of Law & Economics (config ISSN 1555-5879): got 'Review of Law &amp; Economics' — check journals.json
[2026-09-09 06:34:20] HTTP 404: Research in Law and Economics (0193-5895)
[2026-09-09 06:34:21] ISSN mismatch for Journal of Industrial Economics (config ISSN 0022-1821): got 'The Journal of Industrial Economics' — check journals.json
[2026-09-09 06:34:24] HTTP 404: New York University Law Review (0028-7881)
[2026-09-09 06:34:26] HTTP 404: European Law Journal (1358-1877)
[2026-09-09 06:34:31] ISSN mismatch for RAND Journal of Economics (config ISSN 0741-6261): got 'The RAND Journal of Economics' — check journals.json
[2026-09-09 12:34:51] HTTP 404: Journal of Competition Law & Economics (1741-2009)
[2026-09-09 12:34:52] HTTP 404: Antitrust Law Journal (0003-5383)
[2026-09-09 12:34:52] HTTP 404: World Competition (1011-6558)
[2026-09-09 12:34:53] HTTP 404: Journal of European Competition Law & Practice (2043-4754)
[2026-09-09 12:34:54] ISSN mismatch for Journal of Law and Economics (config ISSN 0022-2186): got 'The Journal of Law and Economics' — check journals.json
[2026-09-09 12:34:54] ISSN mismatch for Journal of Legal Studies (config ISSN 0047-2530): got 'The Journal of Legal Studies' — check journals.json
[2026-09-09 12:34:54] HTTP 404: Journal of Legal Analysis (1946-5734)
[2026-09-09 12:34:58] ISSN mismatch for Review of Law & Economics (config ISSN 1555-5879): got 'Review of Law &amp; Economics' — check journals.json
[2026-09-09 12:34:58] HTTP 404: Research in Law and Economics (0193-5895)
[2026-09-09 12:35:01] ISSN mismatch for Journal of Industrial Economics (config ISSN 0022-1821): got 'The Journal of Industrial Economics' — check journals.json
[2026-09-09 12:35:09] HTTP 404: New York University Law Review (0028-7881)
[2026-09-09 12:35:15] HTTP 404: European Law Journal (1358-1877)
[2026-09-09 12:35:17] ISSN mismatch for RAND Journal of Economics (config ISSN 0741-6261): got 'The RAND Journal of Economics' — check journals.json
[2026-09-09 18:31:38] HTTP 404: Journal of Competition Law & Economics (1741-2009)
[2026-09-09 18:31:38] HTTP 404: Antitrust Law Journal (0003-5383)
[2026-09-09 18:31:39] HTTP 404: World Competition (1011-6558)
[2026-09-09 18:31:39] HTTP 404: Journal of European Competition Law & Practice (2043-4754)
[2026-09-09 18:31:39] ISSN mismatch for Journal of Law and Economics (config ISSN 0022-2186): got 'The Journal of Law and Economics' — check journals.json
[2026-09-09 18:31:40] ISSN mismatch for Journal of Legal Studies (config ISSN 0047-2530): got 'The Journal of Legal Studies' — check journals.json
[2026-09-09 18:31:40] HTTP 404: Journal of Legal Analysis (1946-5734)
[2026-09-09 18:31:41] ISSN mismatch for Review of Law & Economics (config ISSN 1555-5879): got 'Review of Law &amp; Economics' — check journals.json
[2026-09-09 18:31:41] HTTP 404: Research in Law and Economics (0193-5895)
[2026-09-09 18:31:44] ISSN mismatch for Journal of Industrial Economics (config ISSN 0022-1821): got 'The Journal of Industrial Economics' — check journals.json
[2026-09-09 18:31:47] HTTP 404: New York University Law Review (0028-7881)
[2026-09-09 18:31:49] HTTP 404: European Law Journal (1358-1877)
[2026-09-09 18:31:50] ISSN mismatch for RAND Journal of Economics (config ISSN 0741-6261): got 'The RAND Journal of Economics' — check journals.json
[2026-09-10 00:34:15] HTTP 404: Journal of Competition Law & Economics (1741-2009)
[2026-09-10 00:34:16] HTTP 404: Antitrust Law Journal (0003-5383)
[2026-09-10 00:34:16] HTTP 404: World Competition (1011-6558)
[2026-09-10 00:34:17] HTTP 404: Journal of European Competition Law & Practice (2043-4754)
[2026-09-10 00:34:17] ISSN mismatch for Journal of Law and Economics (config ISSN 0022-2186): got 'The Journal of Law and Economics' — check journals.json
[2026-09-10 00:34:18] ISSN mismatch for Journal of Legal Studies (config ISSN 0047-2530): got 'The Journal of Legal Studies' — check journals.json
[2026-09-10 00:34:19] HTTP 404: Journal of Legal Analysis (1946-5734)
[2026-09-10 00:34:22] ISSN mismatch for Review of Law & Economics (config ISSN 1555-5879): got 'Review of Law &amp; Economics' — check journals.json
[2026-09-10 00:34:23] HTTP 404: Research in Law and Economics (0193-5895)
[2026-09-10 00:34:25] ISSN mismatch for Journal of Industrial Economics (config ISSN 0022-1821): got 'The Journal of Industrial Economics' — check journals.json
[2026-09-10 00:34:30] HTTP 404: New York University Law Review (0028-7881)
[2026-09-10 00:34:33] HTTP 404: European Law Journal (1358-1877)
[2026-09-10 00:34:34] ISSN mismatch for RAND Journal of Economics (config ISSN 0741-6261): got 'The RAND Journal of Economics' — check journals.json
[2026-09-10 06:34:01] HTTP 404: Journal of Competition Law & Economics (1741-2009)
[2026-09-10 06:34:04] HTTP 404: Antitrust Law Journal (0003-5383)
[2026-09-10 06:34:04] HTTP 404: World Competition (1011-6558)
[2026-09-10 06:34:04] HTTP 404: Journal of European Competition Law & Practice (2043-4754)
[2026-09-10 06:34:06] ISSN mismatch for Journal of Law and Economics (config ISSN 0022-2186): got 'The Journal of Law and Economics' — check journals.json
[2026-09-10 06:34:07] ISSN mismatch for Journal of Legal Studies (config ISSN 0047-2530): got 'The Journal of Legal Studies' — check journals.json
[2026-09-10 06:34:07] HTTP 404: Journal of Legal Analysis (1946-5734)
[2026-09-10 06:34:11] ISSN mismatch for Review of Law & Economics (config ISSN 1555-5879): got 'Review of Law &amp; Economics' — check journals.json
[2026-09-10 06:34:11] HTTP 404: Research in Law and Economics (0193-5895)
[2026-09-10 06:34:13] ISSN mismatch for Journal of Industrial Economics (config ISSN 0022-1821): got 'The Journal of Industrial Economics' — check journals.json
[2026-09-10 06:34:18] HTTP 404: New York University Law Review (0028-7881)
[2026-09-10 06:34:21] HTTP 404: European Law Journal (1358-1877)
[2026-09-10 06:34:22] ISSN mismatch for RAND Journal of Economics (config ISSN 0741-6261): got 'The RAND Journal of Economics' — check journals.json
[2026-09-10 12:34:29] HTTP 404: Journal of Competition Law & Economics (1741-2009)
[2026-09-10 12:34:31] HTTP 404: Antitrust Law Journal (0003-5383)
[2026-09-10 12:34:31] HTTP 404: World Competition (1011-6558)
[2026-09-10 12:34:32] HTTP 404: Journal of European Competition Law & Practice (2043-4754)
[2026-09-10 12:34:33] ISSN mismatch for Journal of Law and Economics (config ISSN 0022-2186): got 'The Journal of Law and Economics' — check journals.json
[2026-09-10 12:34:35] ISSN mismatch for Journal of Legal Studies (config ISSN 0047-2530): got 'The Journal of Legal Studies' — check journals.json
[2026-09-10 12:34:35] HTTP 404: Journal of Legal Analysis (1946-5734)
[2026-09-10 12:34:39] ISSN mismatch for Review of Law & Economics (config ISSN 1555-5879): got 'Review of Law &amp; Economics' — check journals.json
[2026-09-10 12:34:39] HTTP 404: Research in Law and Economics (0193-5895)
[2026-09-10 12:34:44] ISSN mismatch for Journal of Industrial Economics (config ISSN 0022-1821): got 'The Journal of Industrial Economics' — check journals.json
[2026-09-10 12:34:50] HTTP 404: New York University Law Review (0028-7881)
[2026-09-10 12:34:55] HTTP 404: European Law Journal (1358-1877)
[2026-09-10 12:34:57] ISSN mismatch for RAND Journal of Economics (config ISSN 0741-6261): got 'The RAND Journal of Economics' — check journals.json
[2026-09-10 18:29:25] HTTP 404: Journal of Competition Law & Economics (1741-2009)
[2026-09-10 18:29:26] HTTP 404: Antitrust Law Journal (0003-5383)
[2026-09-10 18:29:27] HTTP 404: World Competition (1011-6558)
[2026-09-10 18:29:27] HTTP 404: Journal of European Competition Law & Practice (2043-4754)
[2026-09-10 18:29:28] ISSN mismatch for Journal of Law and Economics (config ISSN 0022-2186): got 'The Journal of Law and Economics' — check journals.json
[2026-09-10 18:29:28] ISSN mismatch for Journal of Legal Studies (config ISSN 0047-2530): got 'The Journal of Legal Studies' — check journals.json
[2026-09-10 18:29:29] HTTP 404: Journal of Legal Analysis (1946-5734)
[2026-09-10 18:29:31] ISSN mismatch for Review of Law & Economics (config ISSN 1555-5879): got 'Review of Law &amp; Economics' — check journals.json
[2026-09-10 18:29:32] HTTP 404: Research in Law and Economics (0193-5895)
[2026-09-10 18:29:33] ISSN mismatch for Journal of Industrial Economics (config ISSN 0022-1821): got 'The Journal of Industrial Economics' — check journals.json
[2026-09-10 18:29:38] HTTP 404: New York University Law Review (0028-7881)
[2026-09-10 18:29:42] HTTP 404: European Law Journal (1358-1877)
[2026-09-10 18:29:43] ISSN mismatch for RAND Journal of Economics (config ISSN 0741-6261): got 'The RAND Journal of Economics' — check journals.json
[2026-09-11 00:34:40] HTTP 404: Journal of Competition Law & Economics (1741-2009)
[2026-09-11 00:34:41] HTTP 404: Antitrust Law Journal (0003-5383)
[2026-09-11 00:34:41] HTTP 404: World Competition (1011-6558)
[2026-09-11 00:34:42] HTTP 404: Journal of European Competition Law & Practice (2043-4754)
[2026-09-11 00:34:42] ISSN mismatch for Journal of Law and Economics (config ISSN 0022-2186): got 'The Journal of Law and Economics' — check journals.json
[2026-09-11 00:34:43] ISSN mismatch for Journal of Legal Studies (config ISSN 0047-2530): got 'The Journal of Legal Studies' — check journals.json
[2026-09-11 00:34:43] HTTP 404: Journal of Legal Analysis (1946-5734)
[2026-09-11 00:34:45] ISSN mismatch for Review of Law & Economics (config ISSN 1555-5879): got 'Review of Law &amp; Economics' — check journals.json
[2026-09-11 00:34:45] HTTP 404: Research in Law and Economics (0193-5895)
[2026-09-11 00:34:46] ISSN mismatch for Journal of Industrial Economics (config ISSN 0022-1821): got 'The Journal of Industrial Economics' — check journals.json
[2026-09-11 00:34:50] HTTP 404: New York University Law Review (0028-7881)
[2026-09-11 00:34:52] HTTP 404: European Law Journal (1358-1877)
[2026-09-11 00:34:53] ISSN mismatch for RAND Journal of Economics (config ISSN 0741-6261): got 'The RAND Journal of Economics' — check journals.json
[2026-09-11 06:33:13] HTTP 404: Journal of Competition Law & Economics (1741-2009)
[2026-09-11 06:33:15] HTTP 404: Antitrust Law Journal (0003-5383)
[2026-09-11 06:33:16] HTTP 404: World Competition (1011-6558)
[2026-09-11 06:33:16] HTTP 404: Journal of European Competition Law & Practice (2043-4754)
[2026-09-11 06:33:18] ISSN mismatch for Journal of Law and Economics (config ISSN 0022-2186): got 'The Journal of Law and Economics' — check journals.json
[2026-09-11 06:33:19] ISSN mismatch for Journal of Legal Studies (config ISSN 0047-2530): got 'The Journal of Legal Studies' — check journals.json
[2026-09-11 06:33:20] HTTP 404: Journal of Legal Analysis (1946-5734)
[2026-09-11 06:33:24] ISSN mismatch for Review of Law & Economics (config ISSN 1555-5879): got 'Review of Law &amp; Economics' — check journals.json
[2026-09-11 06:33:25] HTTP 404: Research in Law and Economics (0193-5895)
[2026-09-11 06:33:28] ISSN mismatch for Journal of Industrial Economics (config ISSN 0022-1821): got 'The Journal of Industrial Economics' — check journals.json
[2026-09-11 06:33:33] HTTP 404: New York University Law Review (0028-7881)
[2026-09-11 06:33:40] HTTP 404: European Law Journal (1358-1877)
[2026-09-11 06:33:42] ISSN mismatch for RAND Journal of Economics (config ISSN 0741-6261): got 'The RAND Journal of Economics' — check journals.json
[2026-09-11 12:33:22] HTTP 404: Journal of Competition Law & Economics (1741-2009)
[2026-09-11 12:33:24] HTTP 404: Antitrust Law Journal (0003-5383)
[2026-09-11 12:33:24] HTTP 404: World Competition (1011-6558)
[2026-09-11 12:33:24] HTTP 404: Journal of European Competition Law & Practice (2043-4754)
[2026-09-11 12:33:24] ISSN mismatch for Journal of Law and Economics (config ISSN 0022-2186): got 'The Journal of Law and Economics' — check journals.json
[2026-09-11 12:33:26] ISSN mismatch for Journal of Legal Studies (config ISSN 0047-2530): got 'The Journal of Legal Studies' — check journals.json
[2026-09-11 12:33:26] HTTP 404: Journal of Legal Analysis (1946-5734)
[2026-09-11 12:33:31] ISSN mismatch for Review of Law & Economics (config ISSN 1555-5879): got 'Review of Law &amp; Economics' — check journals.json
[2026-09-11 12:33:31] HTTP 404: Research in Law and Economics (0193-5895)
[2026-09-11 12:33:35] ISSN mismatch for Journal of Industrial Economics (config ISSN 0022-1821): got 'The Journal of Industrial Economics' — check journals.json
[2026-09-11 12:33:42] HTTP 404: New York University Law Review (0028-7881)
[2026-09-11 12:33:46] HTTP 404: European Law Journal (1358-1877)
[2026-09-11 12:33:47] ISSN mismatch for RAND Journal of Economics (config ISSN 0741-6261): got 'The RAND Journal of Economics' — check journals.json
