[2026-08-24 17:58:57] resolve error Heike Schweitzer: no fixture for authors search: Heike Schweitzer
[2026-08-24 17:58:57] resolve miss: Heike Schweitzer (Humboldt University Berlin)
[2026-08-24 17:58:57] resolve error Frédéric Jenny: no fixture for authors search: Frédéric Jenny
[2026-08-24 17:58:57] resolve miss: Frédéric Jenny (ESSEC Business School)
[2026-08-24 17:58:57] resolve error Nicolas Petit: no fixture for authors search: Nicolas Petit
[2026-08-24 17:58:57] resolve miss: Nicolas Petit (University of Liège)
[2026-08-24 17:58:58] resolve error Lina Khan: no fixture for authors search: Lina Khan
[2026-08-24 17:58:58] resolve miss: Lina Khan (Columbia Law School)
[2026-08-24 17:58:58] resolve error Tommaso Valletti: no fixture for authors search: Tommaso Valletti
[2026-08-24 17:58:58] resolve miss: Tommaso Valletti (Imperial College London)
[2026-08-24 17:58:58] resolve error Daniel Condorelli: no fixture for authors search: Daniel Condorelli
[2026-08-24 17:58:58] resolve miss: Daniel Condorelli (University of Warwick)
[2026-08-24 17:58:58] resolve error Jorge Padilla: no fixture for authors search: Jorge Padilla
[2026-08-24 17:58:58] resolve miss: Jorge Padilla (Compass Lexecon)
[2026-08-24 17:58:58] resolve error Cristina Caffarra: no fixture for authors search: Cristina Caffarra
[2026-08-24 17:58:58] resolve miss: Cristina Caffarra (CEPR)
[2026-08-24 17:58:58] resolve error Fiona Scott Morton: no fixture for authors search: Fiona Scott Morton
[2026-08-24 17:58:58] resolve miss: Fiona Scott Morton (Yale University)
[2026-08-24 17:58:58] resolve error Jean Tirole: no fixture for authors search: Jean Tirole
[2026-08-24 17:58:58] resolve miss: Jean Tirole (Toulouse School of Economics)
[2026-08-24 17:58:58] resolve error Carl Shapiro: no fixture for authors search: Carl Shapiro
[2026-08-24 17:58:58] resolve miss: Carl Shapiro (UC Berkeley)
[2026-08-24 17:58:58] resolve error Tim Wu: no fixture for authors search: Tim Wu
[2026-08-24 17:58:58] resolve miss: Tim Wu (Columbia Law School)
[2026-08-24 17:58:58] resolve error Ariel Ezrachi: no fixture for authors search: Ariel Ezrachi
[2026-08-24 17:58:58] resolve miss: Ariel Ezrachi (University of Oxford)
[2026-08-24 17:58:58] resolve error Konstantinos Stylianou: no fixture for authors search: Konstantinos Stylianou
[2026-08-24 17:58:58] resolve miss: Konstantinos Stylianou (University of Leeds)
[2026-08-24 17:58:58] resolve error Gregory Crawford: no fixture for authors search: Gregory Crawford
[2026-08-24 17:58:58] resolve miss: Gregory Crawford (University of Zurich)
[2026-08-24 17:58:58] resolve error Daniel Solove: no fixture for authors search: Daniel Solove
[2026-08-24 17:58:58] resolve miss: Daniel Solove (George Washington University)
[2026-08-24 17:58:58] resolve error Woodrow Hartzog: no fixture for authors search: Woodrow Hartzog
[2026-08-24 17:58:58] resolve miss: Woodrow Hartzog (Boston University)
[2026-08-24 17:58:58] resolve error Neil Richards: no fixture for authors search: Neil Richards
[2026-08-24 17:58:58] resolve miss: Neil Richards (Washington University in St. Louis)
[2026-08-24 17:58:58] resolve error Orla Lynskey: no fixture for authors search: Orla Lynskey
[2026-08-24 17:58:58] resolve miss: Orla Lynskey (University of Cambridge)
[2026-08-24 17:58:58] resolve error Inge Graef: no fixture for authors search: Inge Graef
[2026-08-24 17:58:58] resolve miss: Inge Graef (Tilburg University)
[2026-08-24 17:58:58] resolve error Frank Pasquale: no fixture for authors search: Frank Pasquale
[2026-08-24 17:58:58] resolve miss: Frank Pasquale (University of Maryland)
[2026-08-24 17:58:58] resolve error Salomé Viljoen: no fixture for authors search: Salomé Viljoen
[2026-08-24 17:58:58] resolve miss: Salomé Viljoen (University of Michigan)
[2026-08-24 11:38:53] resolve miss: Pinar Akman (University of Leeds)
[2026-08-24 11:38:55] resolve miss: Daniel Condorelli (University of Warwick)
[2026-08-24 11:38:58] resolve miss: Carl Shapiro (UC Berkeley)
[2026-08-24 14:28:22] resolve miss: Pinar Akman (University of Leeds)
[2026-08-24 14:28:25] resolve miss: Daniel Condorelli (University of Warwick)
[2026-08-24 14:28:30] resolve miss: Carl Shapiro (UC Berkeley)
[2026-08-24 19:48:50] resolve miss: Pinar Akman (University of Leeds)
[2026-08-24 19:48:53] resolve miss: Daniel Condorelli (University of Warwick)
[2026-08-24 19:48:59] resolve miss: Carl Shapiro (UC Berkeley)
[2026-08-25 03:28:02] resolve miss: Pinar Akman (University of Leeds)
[2026-08-25 03:28:04] resolve miss: Daniel Condorelli (University of Warwick)
[2026-08-25 03:28:09] resolve miss: Carl Shapiro (UC Berkeley)
[2026-08-25 08:23:38] resolve miss: Pinar Akman (University of Leeds)
[2026-08-25 08:23:40] resolve miss: Daniel Condorelli (University of Warwick)
[2026-08-25 08:23:46] resolve miss: Carl Shapiro (UC Berkeley)
[2026-08-25 14:31:28] resolve miss: Pinar Akman (University of Leeds)
[2026-08-25 14:31:30] resolve miss: Daniel Condorelli (University of Warwick)
[2026-08-25 14:31:35] resolve miss: Carl Shapiro (UC Berkeley)
[2026-08-25 19:49:41] resolve miss: Pinar Akman (University of Leeds)
[2026-08-25 19:49:43] resolve miss: Daniel Condorelli (University of Warwick)
[2026-08-25 19:49:47] resolve miss: Carl Shapiro (UC Berkeley)
[2026-08-26 03:38:56] resolve miss: Pinar Akman (University of Leeds)
[2026-08-26 03:38:58] resolve miss: Daniel Condorelli (University of Warwick)
[2026-08-26 03:39:03] resolve miss: Carl Shapiro (UC Berkeley)
[2026-08-26 08:24:57] resolve miss: Pinar Akman (University of Leeds)
[2026-08-26 08:24:59] resolve miss: Daniel Condorelli (University of Warwick)
[2026-08-26 08:25:05] resolve miss: Carl Shapiro (UC Berkeley)
[2026-08-26 14:30:49] resolve miss: Pinar Akman (University of Leeds)
[2026-08-26 14:30:51] resolve miss: Daniel Condorelli (University of Warwick)
[2026-08-26 14:30:57] resolve miss: Carl Shapiro (UC Berkeley)
[2026-08-28 01:47:19] resolve miss: Pinar Akman (University of Leeds)
[2026-08-28 01:47:21] resolve miss: Daniel Condorelli (University of Warwick)
[2026-08-28 01:47:25] resolve miss: Carl Shapiro (UC Berkeley)
[2026-08-28 21:56:50] resolve miss: Pinar Akman (University of Leeds)
[2026-08-28 21:56:53] resolve miss: Daniel Condorelli (University of Warwick)
[2026-08-28 21:56:58] resolve miss: Carl Shapiro (UC Berkeley)
[2026-08-29 00:21:58] resolve miss: Pinar Akman (University of Leeds)
[2026-08-29 00:22:00] resolve miss: Daniel Condorelli (University of Warwick)
[2026-08-29 00:22:03] resolve miss: Carl Shapiro (UC Berkeley)
[2026-08-29 06:22:05] resolve miss: Pinar Akman (University of Leeds)
[2026-08-29 06:22:08] resolve miss: Daniel Condorelli (University of Warwick)
[2026-08-29 06:22:14] resolve miss: Carl Shapiro (UC Berkeley)
